<?xml version="1.0" encoding="ISO-8859-1" ?>
<link_info>
   <banner>TI ARM Linker PC v20.2.7.LTS</banner>
   <copyright>Copyright (c) 1996-2018 Texas Instruments Incorporated</copyright>
   <link_time>0x693dcbaa</link_time>
   <link_errors>0x0</link_errors>
   <output_file>final_proj_v2.out</output_file>
   <entry_point>
      <name>_c_int00_noargs</name>
      <address>0x73c9</address>
   </entry_point>
   <input_file_list>
      <input_file id="fl-2">
         <path>.\</path>
         <kind>object</kind>
         <file>IR_convert.obj</file>
         <name>IR_convert.obj</name>
      </input_file>
      <input_file id="fl-3">
         <path>.\</path>
         <kind>object</kind>
         <file>Timer.obj</file>
         <name>Timer.obj</name>
      </input_file>
      <input_file id="fl-4">
         <path>.\</path>
         <kind>object</kind>
         <file>coords.obj</file>
         <name>coords.obj</name>
      </input_file>
      <input_file id="fl-5">
         <path>.\</path>
         <kind>object</kind>
         <file>cyBot_calibrate.obj</file>
         <name>cyBot_calibrate.obj</name>
      </input_file>
      <input_file id="fl-6">
         <path>.\</path>
         <kind>object</kind>
         <file>cyBot_ufart.obj</file>
         <name>cyBot_ufart.obj</name>
      </input_file>
      <input_file id="fl-7">
         <path>.\</path>
         <kind>object</kind>
         <file>lcd.obj</file>
         <name>lcd.obj</name>
      </input_file>
      <input_file id="fl-8">
         <path>.\</path>
         <kind>object</kind>
         <file>main.obj</file>
         <name>main.obj</name>
      </input_file>
      <input_file id="fl-9">
         <path>.\</path>
         <kind>object</kind>
         <file>movement.obj</file>
         <name>movement.obj</name>
      </input_file>
      <input_file id="fl-a">
         <path>.\</path>
         <kind>object</kind>
         <file>open_interface.obj</file>
         <name>open_interface.obj</name>
      </input_file>
      <input_file id="fl-b">
         <path>.\</path>
         <kind>object</kind>
         <file>tm4c123gh6pm_startup_ccs.obj</file>
         <name>tm4c123gh6pm_startup_ccs.obj</name>
      </input_file>
      <input_file id="fl-11">
         <kind>object</kind>
         <file>&lt;internal&gt;</file>
         <name>&lt;internal&gt;</name>
      </input_file>
      <input_file id="fl-12">
         <path>..\</path>
         <kind>archive</kind>
         <file>libcybotScan.lib</file>
         <name>cyBot_Scan.obj</name>
      </input_file>
      <input_file id="fl-13">
         <path>..\</path>
         <kind>archive</kind>
         <file>libcybotScan.lib</file>
         <name>ir.obj</name>
      </input_file>
      <input_file id="fl-14">
         <path>..\</path>
         <kind>archive</kind>
         <file>libcybotScan.lib</file>
         <name>ping.obj</name>
      </input_file>
      <input_file id="fl-15">
         <path>..\</path>
         <kind>archive</kind>
         <file>libcybotScan.lib</file>
         <name>servo.obj</name>
      </input_file>
      <input_file id="fl-cb">
         <path>C:\ti\ccs1271\ccs\tools\compiler\ti-cgt-arm_20.2.7.LTS\lib\</path>
         <kind>archive</kind>
         <file>rtsv7M4_T_le_v4SPD16_eabi.lib</file>
         <name>e_pow.c.obj</name>
      </input_file>
      <input_file id="fl-cc">
         <path>C:\ti\ccs1271\ccs\tools\compiler\ti-cgt-arm_20.2.7.LTS\lib\</path>
         <kind>archive</kind>
         <file>rtsv7M4_T_le_v4SPD16_eabi.lib</file>
         <name>e_sqrt.c.obj</name>
      </input_file>
      <input_file id="fl-cd">
         <path>C:\ti\ccs1271\ccs\tools\compiler\ti-cgt-arm_20.2.7.LTS\lib\</path>
         <kind>archive</kind>
         <file>rtsv7M4_T_le_v4SPD16_eabi.lib</file>
         <name>s_cos.c.obj</name>
      </input_file>
      <input_file id="fl-ce">
         <path>C:\ti\ccs1271\ccs\tools\compiler\ti-cgt-arm_20.2.7.LTS\lib\</path>
         <kind>archive</kind>
         <file>rtsv7M4_T_le_v4SPD16_eabi.lib</file>
         <name>s_scalbn.c.obj</name>
      </input_file>
      <input_file id="fl-cf">
         <path>C:\ti\ccs1271\ccs\tools\compiler\ti-cgt-arm_20.2.7.LTS\lib\</path>
         <kind>archive</kind>
         <file>rtsv7M4_T_le_v4SPD16_eabi.lib</file>
         <name>s_sin.c.obj</name>
      </input_file>
      <input_file id="fl-d0">
         <path>C:\ti\ccs1271\ccs\tools\compiler\ti-cgt-arm_20.2.7.LTS\lib\</path>
         <kind>archive</kind>
         <file>rtsv7M4_T_le_v4SPD16_eabi.lib</file>
         <name>sprintf.c.obj</name>
      </input_file>
      <input_file id="fl-d1">
         <path>C:\ti\ccs1271\ccs\tools\compiler\ti-cgt-arm_20.2.7.LTS\lib\</path>
         <kind>archive</kind>
         <file>rtsv7M4_T_le_v4SPD16_eabi.lib</file>
         <name>vsnprintf.c.obj</name>
      </input_file>
      <input_file id="fl-d2">
         <path>C:\ti\ccs1271\ccs\tools\compiler\ti-cgt-arm_20.2.7.LTS\lib\</path>
         <kind>archive</kind>
         <file>rtsv7M4_T_le_v4SPD16_eabi.lib</file>
         <name>fd_add_t2.asm.obj</name>
      </input_file>
      <input_file id="fl-d3">
         <path>C:\ti\ccs1271\ccs\tools\compiler\ti-cgt-arm_20.2.7.LTS\lib\</path>
         <kind>archive</kind>
         <file>rtsv7M4_T_le_v4SPD16_eabi.lib</file>
         <name>fd_cmp_t2.asm.obj</name>
      </input_file>
      <input_file id="fl-d4">
         <path>C:\ti\ccs1271\ccs\tools\compiler\ti-cgt-arm_20.2.7.LTS\lib\</path>
         <kind>archive</kind>
         <file>rtsv7M4_T_le_v4SPD16_eabi.lib</file>
         <name>fd_div_t2.asm.obj</name>
      </input_file>
      <input_file id="fl-d5">
         <path>C:\ti\ccs1271\ccs\tools\compiler\ti-cgt-arm_20.2.7.LTS\lib\</path>
         <kind>archive</kind>
         <file>rtsv7M4_T_le_v4SPD16_eabi.lib</file>
         <name>fd_mul_t2.asm.obj</name>
      </input_file>
      <input_file id="fl-d6">
         <path>C:\ti\ccs1271\ccs\tools\compiler\ti-cgt-arm_20.2.7.LTS\lib\</path>
         <kind>archive</kind>
         <file>rtsv7M4_T_le_v4SPD16_eabi.lib</file>
         <name>fd_toi_t2.asm.obj</name>
      </input_file>
      <input_file id="fl-d7">
         <path>C:\ti\ccs1271\ccs\tools\compiler\ti-cgt-arm_20.2.7.LTS\lib\</path>
         <kind>archive</kind>
         <file>rtsv7M4_T_le_v4SPD16_eabi.lib</file>
         <name>fd_tos_t2.asm.obj</name>
      </input_file>
      <input_file id="fl-d8">
         <path>C:\ti\ccs1271\ccs\tools\compiler\ti-cgt-arm_20.2.7.LTS\lib\</path>
         <kind>archive</kind>
         <file>rtsv7M4_T_le_v4SPD16_eabi.lib</file>
         <name>fs_tod_t2.asm.obj</name>
      </input_file>
      <input_file id="fl-d9">
         <path>C:\ti\ccs1271\ccs\tools\compiler\ti-cgt-arm_20.2.7.LTS\lib\</path>
         <kind>archive</kind>
         <file>rtsv7M4_T_le_v4SPD16_eabi.lib</file>
         <name>i_tofd_t2.asm.obj</name>
      </input_file>
      <input_file id="fl-da">
         <path>C:\ti\ccs1271\ccs\tools\compiler\ti-cgt-arm_20.2.7.LTS\lib\</path>
         <kind>archive</kind>
         <file>rtsv7M4_T_le_v4SPD16_eabi.lib</file>
         <name>memcpy_t2.asm.obj</name>
      </input_file>
      <input_file id="fl-db">
         <path>C:\ti\ccs1271\ccs\tools\compiler\ti-cgt-arm_20.2.7.LTS\lib\</path>
         <kind>archive</kind>
         <file>rtsv7M4_T_le_v4SPD16_eabi.lib</file>
         <name>copy_zero_init.c.obj</name>
      </input_file>
      <input_file id="fl-dc">
         <path>C:\ti\ccs1271\ccs\tools\compiler\ti-cgt-arm_20.2.7.LTS\lib\</path>
         <kind>archive</kind>
         <file>rtsv7M4_T_le_v4SPD16_eabi.lib</file>
         <name>copy_decompress_none.c.obj</name>
      </input_file>
      <input_file id="fl-dd">
         <path>C:\ti\ccs1271\ccs\tools\compiler\ti-cgt-arm_20.2.7.LTS\lib\</path>
         <kind>archive</kind>
         <file>rtsv7M4_T_le_v4SPD16_eabi.lib</file>
         <name>copy_decompress_lzss.c.obj</name>
      </input_file>
      <input_file id="fl-de">
         <path>C:\ti\ccs1271\ccs\tools\compiler\ti-cgt-arm_20.2.7.LTS\lib\</path>
         <kind>archive</kind>
         <file>rtsv7M4_T_le_v4SPD16_eabi.lib</file>
         <name>memory.c.obj</name>
      </input_file>
      <input_file id="fl-df">
         <path>C:\ti\ccs1271\ccs\tools\compiler\ti-cgt-arm_20.2.7.LTS\lib\</path>
         <kind>archive</kind>
         <file>rtsv7M4_T_le_v4SPD16_eabi.lib</file>
         <name>strcmp.c.obj</name>
      </input_file>
      <input_file id="fl-e0">
         <path>C:\ti\ccs1271\ccs\tools\compiler\ti-cgt-arm_20.2.7.LTS\lib\</path>
         <kind>archive</kind>
         <file>rtsv7M4_T_le_v4SPD16_eabi.lib</file>
         <name>strcpy.c.obj</name>
      </input_file>
      <input_file id="fl-e1">
         <path>C:\ti\ccs1271\ccs\tools\compiler\ti-cgt-arm_20.2.7.LTS\lib\</path>
         <kind>archive</kind>
         <file>rtsv7M4_T_le_v4SPD16_eabi.lib</file>
         <name>strlen.c.obj</name>
      </input_file>
      <input_file id="fl-e2">
         <path>C:\ti\ccs1271\ccs\tools\compiler\ti-cgt-arm_20.2.7.LTS\lib\</path>
         <kind>archive</kind>
         <file>rtsv7M4_T_le_v4SPD16_eabi.lib</file>
         <name>k_rem_pio2.c.obj</name>
      </input_file>
      <input_file id="fl-e3">
         <path>C:\ti\ccs1271\ccs\tools\compiler\ti-cgt-arm_20.2.7.LTS\lib\</path>
         <kind>archive</kind>
         <file>rtsv7M4_T_le_v4SPD16_eabi.lib</file>
         <name>boot_cortex_m.c.obj</name>
      </input_file>
      <input_file id="fl-e4">
         <path>C:\ti\ccs1271\ccs\tools\compiler\ti-cgt-arm_20.2.7.LTS\lib\</path>
         <kind>archive</kind>
         <file>rtsv7M4_T_le_v4SPD16_eabi.lib</file>
         <name>errno.c.obj</name>
      </input_file>
      <input_file id="fl-e5">
         <path>C:\ti\ccs1271\ccs\tools\compiler\ti-cgt-arm_20.2.7.LTS\lib\</path>
         <kind>archive</kind>
         <file>rtsv7M4_T_le_v4SPD16_eabi.lib</file>
         <name>s_copysign.c.obj</name>
      </input_file>
      <input_file id="fl-e6">
         <path>C:\ti\ccs1271\ccs\tools\compiler\ti-cgt-arm_20.2.7.LTS\lib\</path>
         <kind>archive</kind>
         <file>rtsv7M4_T_le_v4SPD16_eabi.lib</file>
         <name>k_cos.c.obj</name>
      </input_file>
      <input_file id="fl-e7">
         <path>C:\ti\ccs1271\ccs\tools\compiler\ti-cgt-arm_20.2.7.LTS\lib\</path>
         <kind>archive</kind>
         <file>rtsv7M4_T_le_v4SPD16_eabi.lib</file>
         <name>k_sin.c.obj</name>
      </input_file>
      <input_file id="fl-e8">
         <path>C:\ti\ccs1271\ccs\tools\compiler\ti-cgt-arm_20.2.7.LTS\lib\</path>
         <kind>archive</kind>
         <file>rtsv7M4_T_le_v4SPD16_eabi.lib</file>
         <name>s_floor.c.obj</name>
      </input_file>
      <input_file id="fl-e9">
         <path>C:\ti\ccs1271\ccs\tools\compiler\ti-cgt-arm_20.2.7.LTS\lib\</path>
         <kind>archive</kind>
         <file>rtsv7M4_T_le_v4SPD16_eabi.lib</file>
         <name>_printfi.c.obj</name>
      </input_file>
      <input_file id="fl-ea">
         <path>C:\ti\ccs1271\ccs\tools\compiler\ti-cgt-arm_20.2.7.LTS\lib\</path>
         <kind>archive</kind>
         <file>rtsv7M4_T_le_v4SPD16_eabi.lib</file>
         <name>memset_t2.asm.obj</name>
      </input_file>
      <input_file id="fl-eb">
         <path>C:\ti\ccs1271\ccs\tools\compiler\ti-cgt-arm_20.2.7.LTS\lib\</path>
         <kind>archive</kind>
         <file>rtsv7M4_T_le_v4SPD16_eabi.lib</file>
         <name>ull_div_t2.asm.obj</name>
      </input_file>
      <input_file id="fl-ec">
         <path>C:\ti\ccs1271\ccs\tools\compiler\ti-cgt-arm_20.2.7.LTS\lib\</path>
         <kind>archive</kind>
         <file>rtsv7M4_T_le_v4SPD16_eabi.lib</file>
         <name>autoinit.c.obj</name>
      </input_file>
      <input_file id="fl-ed">
         <path>C:\ti\ccs1271\ccs\tools\compiler\ti-cgt-arm_20.2.7.LTS\lib\</path>
         <kind>archive</kind>
         <file>rtsv7M4_T_le_v4SPD16_eabi.lib</file>
         <name>pre_init.c.obj</name>
      </input_file>
      <input_file id="fl-ee">
         <path>C:\ti\ccs1271\ccs\tools\compiler\ti-cgt-arm_20.2.7.LTS\lib\</path>
         <kind>archive</kind>
         <file>rtsv7M4_T_le_v4SPD16_eabi.lib</file>
         <name>cpy_tbl.c.obj</name>
      </input_file>
      <input_file id="fl-ef">
         <path>C:\ti\ccs1271\ccs\tools\compiler\ti-cgt-arm_20.2.7.LTS\lib\</path>
         <kind>archive</kind>
         <file>rtsv7M4_T_le_v4SPD16_eabi.lib</file>
         <name>exit.c.obj</name>
      </input_file>
      <input_file id="fl-f0">
         <path>C:\ti\ccs1271\ccs\tools\compiler\ti-cgt-arm_20.2.7.LTS\lib\</path>
         <kind>archive</kind>
         <file>rtsv7M4_T_le_v4SPD16_eabi.lib</file>
         <name>_lock.c.obj</name>
      </input_file>
      <input_file id="fl-f1">
         <path>C:\ti\ccs1271\ccs\tools\compiler\ti-cgt-arm_20.2.7.LTS\lib\</path>
         <kind>archive</kind>
         <file>rtsv7M4_T_le_v4SPD16_eabi.lib</file>
         <name>_ltoa.c.obj</name>
      </input_file>
      <input_file id="fl-f2">
         <path>C:\ti\ccs1271\ccs\tools\compiler\ti-cgt-arm_20.2.7.LTS\lib\</path>
         <kind>archive</kind>
         <file>rtsv7M4_T_le_v4SPD16_eabi.lib</file>
         <name>args_main.c.obj</name>
      </input_file>
      <input_file id="fl-f3">
         <path>C:\ti\ccs1271\ccs\tools\compiler\ti-cgt-arm_20.2.7.LTS\lib\</path>
         <kind>archive</kind>
         <file>rtsv7M4_T_le_v4SPD16_eabi.lib</file>
         <name>atoi.c.obj</name>
      </input_file>
      <input_file id="fl-f4">
         <path>C:\ti\ccs1271\ccs\tools\compiler\ti-cgt-arm_20.2.7.LTS\lib\</path>
         <kind>archive</kind>
         <file>rtsv7M4_T_le_v4SPD16_eabi.lib</file>
         <name>ctype.c.obj</name>
      </input_file>
      <input_file id="fl-f5">
         <path>C:\ti\ccs1271\ccs\tools\compiler\ti-cgt-arm_20.2.7.LTS\lib\</path>
         <kind>archive</kind>
         <file>rtsv7M4_T_le_v4SPD16_eabi.lib</file>
         <name>memccpy.c.obj</name>
      </input_file>
      <input_file id="fl-f6">
         <path>C:\ti\ccs1271\ccs\tools\compiler\ti-cgt-arm_20.2.7.LTS\lib\</path>
         <kind>archive</kind>
         <file>rtsv7M4_T_le_v4SPD16_eabi.lib</file>
         <name>strchr.c.obj</name>
      </input_file>
      <input_file id="fl-f7">
         <path>C:\ti\ccs1271\ccs\tools\compiler\ti-cgt-arm_20.2.7.LTS\lib\</path>
         <kind>archive</kind>
         <file>rtsv7M4_T_le_v4SPD16_eabi.lib</file>
         <name>wcslen.c.obj</name>
      </input_file>
      <input_file id="fl-f8">
         <path>C:\ti\ccs1271\ccs\tools\compiler\ti-cgt-arm_20.2.7.LTS\lib\</path>
         <kind>archive</kind>
         <file>rtsv7M4_T_le_v4SPD16_eabi.lib</file>
         <name>s_frexp.c.obj</name>
      </input_file>
      <input_file id="fl-f9">
         <path>C:\ti\ccs1271\ccs\tools\compiler\ti-cgt-arm_20.2.7.LTS\lib\</path>
         <kind>archive</kind>
         <file>rtsv7M4_T_le_v4SPD16_eabi.lib</file>
         <name>div0.asm.obj</name>
      </input_file>
      <input_file id="fl-fa">
         <path>C:\ti\TivaWare_C_Series-2.2.0.295\driverlib\ccs\Debug\</path>
         <kind>archive</kind>
         <file>driverlib.lib</file>
         <name>interrupt.obj</name>
      </input_file>
      <input_file id="fl-fb">
         <path>C:\ti\TivaWare_C_Series-2.2.0.295\driverlib\ccs\Debug\</path>
         <kind>archive</kind>
         <file>driverlib.lib</file>
         <name>cpu.obj</name>
      </input_file>
   </input_file_list>
   <object_component_list>
      <object_component id="oc-12">
         <name>.intvecs</name>
         <load_address>0x0</load_address>
         <run_address>0x0</run_address>
         <size>0x26c</size>
         <input_file_ref idref="fl-b"/>
      </object_component>
      <object_component id="oc-107">
         <name>.text</name>
         <load_address>0x26c</load_address>
         <run_address>0x26c</run_address>
         <size>0xc20</size>
         <input_file_ref idref="fl-a"/>
      </object_component>
      <object_component id="oc-a2">
         <name>.text</name>
         <load_address>0xe8c</load_address>
         <run_address>0xe8c</run_address>
         <size>0xbc4</size>
         <input_file_ref idref="fl-8"/>
      </object_component>
      <object_component id="oc-165">
         <name>.text:__TI_printfi</name>
         <load_address>0x1a50</load_address>
         <run_address>0x1a50</run_address>
         <size>0xa4e</size>
         <input_file_ref idref="fl-e9"/>
      </object_component>
      <object_component id="oc-350">
         <name>.text:_nop</name>
         <load_address>0x249e</load_address>
         <run_address>0x249e</run_address>
         <size>0x2</size>
         <input_file_ref idref="fl-f0"/>
      </object_component>
      <object_component id="oc-1c4">
         <name>.text:pow</name>
         <load_address>0x24a0</load_address>
         <run_address>0x24a0</run_address>
         <size>0x9d0</size>
         <input_file_ref idref="fl-cb"/>
      </object_component>
      <object_component id="oc-101">
         <name>.text</name>
         <load_address>0x2e70</load_address>
         <run_address>0x2e70</run_address>
         <size>0x8c4</size>
         <input_file_ref idref="fl-9"/>
      </object_component>
      <object_component id="oc-304">
         <name>.text:__kernel_rem_pio2</name>
         <load_address>0x3734</load_address>
         <run_address>0x3734</run_address>
         <size>0x738</size>
         <input_file_ref idref="fl-e2"/>
      </object_component>
      <object_component id="oc-1ea">
         <name>.text:sin</name>
         <load_address>0x3e6c</load_address>
         <run_address>0x3e6c</run_address>
         <size>0x5e0</size>
         <input_file_ref idref="fl-cf"/>
      </object_component>
      <object_component id="oc-1e4">
         <name>.text:cos</name>
         <load_address>0x444c</load_address>
         <run_address>0x444c</run_address>
         <size>0x5dc</size>
         <input_file_ref idref="fl-cd"/>
      </object_component>
      <object_component id="oc-10d">
         <name>.text</name>
         <load_address>0x4a28</load_address>
         <run_address>0x4a28</run_address>
         <size>0x328</size>
         <input_file_ref idref="fl-7"/>
      </object_component>
      <object_component id="oc-286">
         <name>.text:_pconv_a</name>
         <load_address>0x4d50</load_address>
         <run_address>0x4d50</run_address>
         <size>0x270</size>
         <input_file_ref idref="fl-e9"/>
      </object_component>
      <object_component id="oc-ea">
         <name>.text</name>
         <load_address>0x4fc0</load_address>
         <run_address>0x4fc0</run_address>
         <size>0x260</size>
         <input_file_ref idref="fl-12"/>
      </object_component>
      <object_component id="oc-f0">
         <name>.text</name>
         <load_address>0x5220</load_address>
         <run_address>0x5220</run_address>
         <size>0x248</size>
         <input_file_ref idref="fl-3"/>
      </object_component>
      <object_component id="oc-1a2">
         <name>.text</name>
         <load_address>0x5468</load_address>
         <run_address>0x5468</run_address>
         <size>0x1ec</size>
         <input_file_ref idref="fl-14"/>
      </object_component>
      <object_component id="oc-274">
         <name>.text:_pconv_g</name>
         <load_address>0x5654</load_address>
         <run_address>0x5654</run_address>
         <size>0x1d0</size>
         <input_file_ref idref="fl-e9"/>
      </object_component>
      <object_component id="oc-1cf">
         <name>.text</name>
         <load_address>0x5824</load_address>
         <run_address>0x5824</run_address>
         <size>0x1b6</size>
         <input_file_ref idref="fl-d2"/>
      </object_component>
      <object_component id="oc-42c">
         <name>.text</name>
         <load_address>0x59da</load_address>
         <run_address>0x59da</run_address>
         <size>0x2</size>
         <input_file_ref idref="fl-f9"/>
      </object_component>
      <object_component id="oc-e1">
         <name>.text</name>
         <load_address>0x59dc</load_address>
         <run_address>0x59dc</run_address>
         <size>0x19c</size>
         <input_file_ref idref="fl-6"/>
      </object_component>
      <object_component id="oc-30a">
         <name>.text:__kernel_sin</name>
         <load_address>0x5b78</load_address>
         <run_address>0x5b78</run_address>
         <size>0x174</size>
         <input_file_ref idref="fl-e7"/>
      </object_component>
      <object_component id="oc-2fe">
         <name>.text:__kernel_cos</name>
         <load_address>0x5cec</load_address>
         <run_address>0x5cec</run_address>
         <size>0x170</size>
         <input_file_ref idref="fl-e6"/>
      </object_component>
      <object_component id="oc-19c">
         <name>.text</name>
         <load_address>0x5e5c</load_address>
         <run_address>0x5e5c</run_address>
         <size>0x158</size>
         <input_file_ref idref="fl-15"/>
      </object_component>
      <object_component id="oc-2dd">
         <name>.text:sqrt</name>
         <load_address>0x5fb4</load_address>
         <run_address>0x5fb4</run_address>
         <size>0x158</size>
         <input_file_ref idref="fl-cc"/>
      </object_component>
      <object_component id="oc-280">
         <name>.text:_pconv_e</name>
         <load_address>0x610c</load_address>
         <run_address>0x610c</run_address>
         <size>0x13c</size>
         <input_file_ref idref="fl-e9"/>
      </object_component>
      <object_component id="oc-1da">
         <name>.text</name>
         <load_address>0x6248</load_address>
         <run_address>0x6248</run_address>
         <size>0x136</size>
         <input_file_ref idref="fl-d4"/>
      </object_component>
      <object_component id="oc-38d">
         <name>.text:fcvt</name>
         <load_address>0x6380</load_address>
         <run_address>0x6380</run_address>
         <size>0x124</size>
         <input_file_ref idref="fl-e9"/>
      </object_component>
      <object_component id="oc-1a8">
         <name>.text</name>
         <load_address>0x64a4</load_address>
         <run_address>0x64a4</run_address>
         <size>0x118</size>
         <input_file_ref idref="fl-13"/>
      </object_component>
      <object_component id="oc-2e6">
         <name>.text:scalbn</name>
         <load_address>0x65bc</load_address>
         <run_address>0x65bc</run_address>
         <size>0x110</size>
         <input_file_ref idref="fl-ce"/>
      </object_component>
      <object_component id="oc-404">
         <name>.text:aligned_alloc</name>
         <load_address>0x66cc</load_address>
         <run_address>0x66cc</run_address>
         <size>0x100</size>
         <input_file_ref idref="fl-de"/>
      </object_component>
      <object_component id="oc-1ca">
         <name>.text</name>
         <load_address>0x67cc</load_address>
         <run_address>0x67cc</run_address>
         <size>0xfc</size>
         <input_file_ref idref="fl-d5"/>
      </object_component>
      <object_component id="oc-3f2">
         <name>.text:floor</name>
         <load_address>0x68c8</load_address>
         <run_address>0x68c8</run_address>
         <size>0xf8</size>
         <input_file_ref idref="fl-e8"/>
      </object_component>
      <object_component id="oc-1f8">
         <name>.text:free</name>
         <load_address>0x69c0</load_address>
         <run_address>0x69c0</run_address>
         <size>0xe4</size>
         <input_file_ref idref="fl-de"/>
      </object_component>
      <object_component id="oc-26e">
         <name>.text:_ltostr</name>
         <load_address>0x6aa4</load_address>
         <run_address>0x6aa4</run_address>
         <size>0xb1</size>
         <input_file_ref idref="fl-e9"/>
      </object_component>
      <object_component id="oc-3e">
         <name>.text</name>
         <load_address>0x6b56</load_address>
         <run_address>0x6b56</run_address>
         <size>0x9c</size>
         <input_file_ref idref="fl-da"/>
      </object_component>
      <object_component id="oc-374">
         <name>.text</name>
         <load_address>0x6bf2</load_address>
         <run_address>0x6bf2</run_address>
         <size>0x96</size>
         <input_file_ref idref="fl-eb"/>
      </object_component>
      <object_component id="oc-1df">
         <name>.text:__aeabi_cdcmple</name>
         <load_address>0x6c88</load_address>
         <run_address>0x6c88</run_address>
         <size>0x86</size>
         <input_file_ref idref="fl-d3"/>
      </object_component>
      <object_component id="oc-f6">
         <name>.text:__aeabi_cdrcmple</name>
         <load_address>0x6d0e</load_address>
         <run_address>0x6d0e</run_address>
         <size>0x86</size>
         <input_file_ref idref="fl-d3"/>
      </object_component>
      <object_component id="oc-96">
         <name>.text</name>
         <load_address>0x6d94</load_address>
         <run_address>0x6d94</run_address>
         <size>0x7a</size>
         <input_file_ref idref="fl-ea"/>
      </object_component>
      <object_component id="oc-462">
         <name>.text:split</name>
         <load_address>0x6e10</load_address>
         <run_address>0x6e10</run_address>
         <size>0x70</size>
         <input_file_ref idref="fl-de"/>
      </object_component>
      <object_component id="oc-386">
         <name>.text:_mcpy</name>
         <load_address>0x6e80</load_address>
         <run_address>0x6e80</run_address>
         <size>0x6e</size>
         <input_file_ref idref="fl-e9"/>
      </object_component>
      <object_component id="oc-1d4">
         <name>.text</name>
         <load_address>0x6eee</load_address>
         <run_address>0x6eee</run_address>
         <size>0x6e</size>
         <input_file_ref idref="fl-d7"/>
      </object_component>
      <object_component id="oc-fb">
         <name>.text</name>
         <load_address>0x6f5c</load_address>
         <run_address>0x6f5c</run_address>
         <size>0x68</size>
         <input_file_ref idref="fl-2"/>
      </object_component>
      <object_component id="oc-15">
         <name>.text:decompress:lzss:__TI_decompress_lzss</name>
         <load_address>0x6fc4</load_address>
         <run_address>0x6fc4</run_address>
         <size>0x68</size>
         <input_file_ref idref="fl-dd"/>
      </object_component>
      <object_component id="oc-39b">
         <name>.text:frexp</name>
         <load_address>0x702c</load_address>
         <run_address>0x702c</run_address>
         <size>0x64</size>
         <input_file_ref idref="fl-f8"/>
      </object_component>
      <object_component id="oc-27a">
         <name>.text:_pconv_f</name>
         <load_address>0x7090</load_address>
         <run_address>0x7090</run_address>
         <size>0x56</size>
         <input_file_ref idref="fl-e9"/>
      </object_component>
      <object_component id="oc-37a">
         <name>.text:__TI_ltoa</name>
         <load_address>0x70e6</load_address>
         <run_address>0x70e6</run_address>
         <size>0x54</size>
         <input_file_ref idref="fl-f1"/>
      </object_component>
      <object_component id="oc-380">
         <name>.text:_ecpy</name>
         <load_address>0x713a</load_address>
         <run_address>0x713a</run_address>
         <size>0x52</size>
         <input_file_ref idref="fl-e9"/>
      </object_component>
      <object_component id="oc-268">
         <name>.text:atoi</name>
         <load_address>0x718c</load_address>
         <run_address>0x718c</run_address>
         <size>0x4c</size>
         <input_file_ref idref="fl-f3"/>
      </object_component>
      <object_component id="oc-2f9">
         <name>.text</name>
         <load_address>0x71d8</load_address>
         <run_address>0x71d8</run_address>
         <size>0x48</size>
         <input_file_ref idref="fl-d6"/>
      </object_component>
      <object_component id="oc-130">
         <name>.text:__TI_auto_init_nobinit_nopinit:__TI_auto_init_nobinit_nopinit</name>
         <load_address>0x7220</load_address>
         <run_address>0x7220</run_address>
         <size>0x44</size>
         <input_file_ref idref="fl-ec"/>
      </object_component>
      <object_component id="oc-db">
         <name>.text:sprintf</name>
         <load_address>0x7264</load_address>
         <run_address>0x7264</run_address>
         <size>0x40</size>
         <input_file_ref idref="fl-d0"/>
      </object_component>
      <object_component id="oc-21b">
         <name>.text:vsnprintf</name>
         <load_address>0x72a4</load_address>
         <run_address>0x72a4</run_address>
         <size>0x40</size>
         <input_file_ref idref="fl-d1"/>
      </object_component>
      <object_component id="oc-393">
         <name>.text:_fcpy</name>
         <load_address>0x72e4</load_address>
         <run_address>0x72e4</run_address>
         <size>0x3e</size>
         <input_file_ref idref="fl-e9"/>
      </object_component>
      <object_component id="oc-1f2">
         <name>.text:calloc</name>
         <load_address>0x7324</load_address>
         <run_address>0x7324</run_address>
         <size>0x38</size>
         <input_file_ref idref="fl-de"/>
      </object_component>
      <object_component id="oc-d6">
         <name>.text</name>
         <load_address>0x735c</load_address>
         <run_address>0x735c</run_address>
         <size>0x38</size>
         <input_file_ref idref="fl-d8"/>
      </object_component>
      <object_component id="oc-184">
         <name>.text:IntRegister</name>
         <load_address>0x7394</load_address>
         <run_address>0x7394</run_address>
         <size>0x34</size>
         <input_file_ref idref="fl-fa"/>
      </object_component>
      <object_component id="oc-5c">
         <name>.text:_c_int00_noargs:_c_int00_noargs</name>
         <load_address>0x73c8</load_address>
         <run_address>0x73c8</run_address>
         <size>0x34</size>
         <input_file_ref idref="fl-e3"/>
      </object_component>
      <object_component id="oc-332">
         <name>.text:_outs</name>
         <load_address>0x73fc</load_address>
         <run_address>0x73fc</run_address>
         <size>0x30</size>
         <input_file_ref idref="fl-d1"/>
      </object_component>
      <object_component id="oc-1bf">
         <name>.text</name>
         <load_address>0x742c</load_address>
         <run_address>0x742c</run_address>
         <size>0x2e</size>
         <input_file_ref idref="fl-d9"/>
      </object_component>
      <object_component id="oc-323">
         <name>.text:free_list_insert</name>
         <load_address>0x745c</load_address>
         <run_address>0x745c</run_address>
         <size>0x28</size>
         <input_file_ref idref="fl-de"/>
      </object_component>
      <object_component id="oc-4a">
         <name>.text:decompress:ZI:__TI_zero_init_nomemset:__TI_zero_init_nomemset</name>
         <load_address>0x7484</load_address>
         <run_address>0x7484</run_address>
         <size>0x1c</size>
         <input_file_ref idref="fl-db"/>
      </object_component>
      <object_component id="oc-31d">
         <name>.text:free_list_remove</name>
         <load_address>0x74a0</load_address>
         <run_address>0x74a0</run_address>
         <size>0x1c</size>
         <input_file_ref idref="fl-de"/>
      </object_component>
      <object_component id="oc-28c">
         <name>.text:memccpy</name>
         <load_address>0x74bc</load_address>
         <run_address>0x74bc</run_address>
         <size>0x1c</size>
         <input_file_ref idref="fl-f5"/>
      </object_component>
      <object_component id="oc-3db">
         <name>.text:copysign</name>
         <load_address>0x74d8</load_address>
         <run_address>0x74d8</run_address>
         <size>0x1a</size>
         <input_file_ref idref="fl-e5"/>
      </object_component>
      <object_component id="oc-338">
         <name>.text:_outc</name>
         <load_address>0x74f2</load_address>
         <run_address>0x74f2</run_address>
         <size>0x18</size>
         <input_file_ref idref="fl-d1"/>
      </object_component>
      <object_component id="oc-16b">
         <name>.text:_outs</name>
         <load_address>0x750a</load_address>
         <run_address>0x750a</run_address>
         <size>0x18</size>
         <input_file_ref idref="fl-d0"/>
      </object_component>
      <object_component id="oc-1fe">
         <name>.text:oi_parseInt</name>
         <load_address>0x7522</load_address>
         <run_address>0x7522</run_address>
         <size>0x18</size>
         <input_file_ref idref="fl-a"/>
      </object_component>
      <object_component id="oc-205">
         <name>.text:strcmp</name>
         <load_address>0x753a</load_address>
         <run_address>0x753a</run_address>
         <size>0x18</size>
         <input_file_ref idref="fl-df"/>
      </object_component>
      <object_component id="oc-3a1">
         <name>.text:strchr</name>
         <load_address>0x7552</load_address>
         <run_address>0x7552</run_address>
         <size>0x16</size>
         <input_file_ref idref="fl-f6"/>
      </object_component>
      <object_component id="oc-221">
         <name>.text:strcpy</name>
         <load_address>0x7568</load_address>
         <run_address>0x7568</run_address>
         <size>0x14</size>
         <input_file_ref idref="fl-e0"/>
      </object_component>
      <object_component id="oc-17e">
         <name>.text:strlen</name>
         <load_address>0x757c</load_address>
         <run_address>0x757c</run_address>
         <size>0x14</size>
         <input_file_ref idref="fl-e1"/>
      </object_component>
      <object_component id="oc-292">
         <name>.text:wcslen</name>
         <load_address>0x7590</load_address>
         <run_address>0x7590</run_address>
         <size>0x12</size>
         <input_file_ref idref="fl-f7"/>
      </object_component>
      <object_component id="oc-18a">
         <name>.text:IntMasterEnable</name>
         <load_address>0x75a2</load_address>
         <run_address>0x75a2</run_address>
         <size>0x10</size>
         <input_file_ref idref="fl-fa"/>
      </object_component>
      <object_component id="oc-214">
         <name>.text:lcd_clear</name>
         <load_address>0x75b2</load_address>
         <run_address>0x75b2</run_address>
         <size>0x10</size>
         <input_file_ref idref="fl-7"/>
      </object_component>
      <object_component id="oc-1b">
         <name>.text:decompress:none:__TI_decompress_none</name>
         <load_address>0x75c2</load_address>
         <run_address>0x75c2</run_address>
         <size>0xe</size>
         <input_file_ref idref="fl-dc"/>
      </object_component>
      <object_component id="oc-2ba">
         <name>.text:CPUcpsie</name>
         <load_address>0x75d0</load_address>
         <run_address>0x75d0</run_address>
         <size>0xc</size>
         <input_file_ref idref="fl-fb"/>
      </object_component>
      <object_component id="oc-2a">
         <name>.text</name>
         <load_address>0x75dc</load_address>
         <run_address>0x75dc</run_address>
         <size>0xc</size>
         <input_file_ref idref="fl-b"/>
      </object_component>
      <object_component id="oc-171">
         <name>.text:_outc</name>
         <load_address>0x75e8</load_address>
         <run_address>0x75e8</run_address>
         <size>0xa</size>
         <input_file_ref idref="fl-d0"/>
      </object_component>
      <object_component id="oc-298">
         <name>.text:__aeabi_errno_addr</name>
         <load_address>0x75f4</load_address>
         <run_address>0x75f4</run_address>
         <size>0x8</size>
         <input_file_ref idref="fl-e4"/>
      </object_component>
      <object_component id="oc-316">
         <name>.text:malloc</name>
         <load_address>0x75fc</load_address>
         <run_address>0x75fc</run_address>
         <size>0x8</size>
         <input_file_ref idref="fl-de"/>
      </object_component>
      <object_component id="oc-9c">
         <name>.text:_system_pre_init</name>
         <load_address>0x7604</load_address>
         <run_address>0x7604</run_address>
         <size>0x4</size>
         <input_file_ref idref="fl-ed"/>
      </object_component>
      <object_component id="oc-124">
         <name>.text:abort:abort</name>
         <load_address>0x7608</load_address>
         <run_address>0x7608</run_address>
         <size>0x4</size>
         <input_file_ref idref="fl-ef"/>
      </object_component>
      <object_component id="oc-3f8">
         <name>.const:$O1$$</name>
         <load_address>0x7610</load_address>
         <run_address>0x7610</run_address>
         <size>0x158</size>
         <input_file_ref idref="fl-e2"/>
      </object_component>
      <object_component id="oc-36f">
         <name>.const:.string:_ctypes_</name>
         <load_address>0x7768</load_address>
         <run_address>0x7768</run_address>
         <size>0x101</size>
         <input_file_ref idref="fl-f4"/>
      </object_component>
      <object_component id="oc-227">
         <name>.const:.string:lineAddress$1</name>
         <load_address>0x7869</load_address>
         <run_address>0x7869</run_address>
         <size>0x4</size>
         <input_file_ref idref="fl-7"/>
      </object_component>
      <object_component id="oc-2e3">
         <name>.const:$O1$$</name>
         <load_address>0x7870</load_address>
         <run_address>0x7870</run_address>
         <size>0x30</size>
         <input_file_ref idref="fl-cb"/>
      </object_component>
      <object_component id="oc-20e">
         <name>.const:.string:$P$T0$3</name>
         <load_address>0x78a0</load_address>
         <run_address>0x78a0</run_address>
         <size>0xf</size>
         <input_file_ref idref="fl-a"/>
      </object_component>
      <object_component id="oc-228">
         <name>.const:.string:lineAddresses$2</name>
         <load_address>0x78af</load_address>
         <run_address>0x78af</run_address>
         <size>0x4</size>
         <input_file_ref idref="fl-7"/>
      </object_component>
      <object_component id="oc-4a3">
         <name>.cinit..data.load</name>
         <load_address>0x78b8</load_address>
         <run_address>0x78b8</run_address>
         <size>0x1a</size>
      </object_component>
      <object_component id="oc-4a0">
         <name>__TI_handler_table</name>
         <load_address>0x78d4</load_address>
         <run_address>0x78d4</run_address>
         <size>0xc</size>
      </object_component>
      <object_component id="oc-4a4">
         <name>.cinit..bss.load</name>
         <load_address>0x78e0</load_address>
         <run_address>0x78e0</run_address>
         <size>0x8</size>
      </object_component>
      <object_component id="oc-4a2">
         <name>.cinit..vtable.load</name>
         <load_address>0x78e8</load_address>
         <run_address>0x78e8</run_address>
         <size>0x8</size>
      </object_component>
      <object_component id="oc-4a1">
         <name>__TI_cinit_table</name>
         <load_address>0x78f0</load_address>
         <run_address>0x78f0</run_address>
         <size>0x18</size>
      </object_component>
      <object_component id="oc-2b0">
         <name>.vtable</name>
         <uninitialized>true</uninitialized>
         <run_address>0x20000000</run_address>
         <size>0x26c</size>
         <input_file_ref idref="fl-fa"/>
      </object_component>
      <object_component id="oc-1b7">
         <name>.data</name>
         <load_address>0x20000f44</load_address>
         <run_address>0x20000f44</run_address>
         <size>0x1</size>
         <input_file_ref idref="fl-3"/>
      </object_component>
      <object_component id="oc-e7">
         <name>.data:coords</name>
         <load_address>0x20000f1c</load_address>
         <run_address>0x20000f1c</run_address>
         <size>0xc</size>
         <input_file_ref idref="fl-4"/>
      </object_component>
      <object_component id="oc-113">
         <name>.data</name>
         <load_address>0x20000f3c</load_address>
         <run_address>0x20000f3c</run_address>
         <size>0x4</size>
         <input_file_ref idref="fl-9"/>
      </object_component>
      <object_component id="oc-20b">
         <name>.data</name>
         <load_address>0x20000efc</load_address>
         <run_address>0x20000efc</run_address>
         <size>0x20</size>
         <input_file_ref idref="fl-a"/>
      </object_component>
      <object_component id="oc-1ae">
         <name>.data</name>
         <load_address>0x20000f38</load_address>
         <run_address>0x20000f38</run_address>
         <size>0x4</size>
         <input_file_ref idref="fl-12"/>
      </object_component>
      <object_component id="oc-40b">
         <name>.data:$O1$$</name>
         <load_address>0x20000f30</load_address>
         <run_address>0x20000f30</run_address>
         <size>0x8</size>
         <input_file_ref idref="fl-de"/>
      </object_component>
      <object_component id="oc-3b1">
         <name>.data</name>
         <load_address>0x20000f40</load_address>
         <run_address>0x20000f40</run_address>
         <size>0x4</size>
         <input_file_ref idref="fl-e4"/>
      </object_component>
      <object_component id="oc-24c">
         <name>.data:$O1$$</name>
         <load_address>0x20000f28</load_address>
         <run_address>0x20000f28</run_address>
         <size>0x8</size>
         <input_file_ref idref="fl-f0"/>
      </object_component>
      <object_component id="oc-229">
         <name>.bss:lastbuffer$3</name>
         <uninitialized>true</uninitialized>
         <run_address>0x20000e70</run_address>
         <size>0x54</size>
         <input_file_ref idref="fl-7"/>
      </object_component>
      <object_component id="oc-211">
         <name>.bss:firmware$2</name>
         <uninitialized>true</uninitialized>
         <run_address>0x20000ec4</run_address>
         <size>0x18</size>
         <input_file_ref idref="fl-a"/>
      </object_component>
      <object_component id="oc-1ba">
         <name>.common:_timeout_ticks</name>
         <uninitialized>true</uninitialized>
         <run_address>0x20000edc</run_address>
         <size>0x4</size>
      </object_component>
      <object_component id="oc-116">
         <name>.common:right_calibration_value</name>
         <uninitialized>true</uninitialized>
         <run_address>0x20000ef0</run_address>
         <size>0x4</size>
      </object_component>
      <object_component id="oc-11d">
         <name>.common:left_calibration_value</name>
         <uninitialized>true</uninitialized>
         <run_address>0x20000ee8</run_address>
         <size>0x4</size>
      </object_component>
      <object_component id="oc-190">
         <name>.common:uart_data</name>
         <uninitialized>true</uninitialized>
         <run_address>0x20000ef9</run_address>
         <size>0x1</size>
      </object_component>
      <object_component id="oc-2d2">
         <name>.common:isr_int_value</name>
         <uninitialized>true</uninitialized>
         <run_address>0x20000ee4</run_address>
         <size>0x4</size>
      </object_component>
      <object_component id="oc-2ce">
         <name>.common:risingEdge</name>
         <uninitialized>true</uninitialized>
         <run_address>0x20000ef4</run_address>
         <size>0x4</size>
      </object_component>
      <object_component id="oc-2cf">
         <name>.common:fallingEdge</name>
         <uninitialized>true</uninitialized>
         <run_address>0x20000ee0</run_address>
         <size>0x4</size>
      </object_component>
      <object_component id="oc-2d0">
         <name>.common:pulseLength</name>
         <uninitialized>true</uninitialized>
         <run_address>0x20000eec</run_address>
         <size>0x4</size>
      </object_component>
      <object_component id="oc-2cb">
         <name>.common:isRisingEdge</name>
         <uninitialized>true</uninitialized>
         <run_address>0x20000ef8</run_address>
         <size>0x1</size>
      </object_component>
      <object_component id="oc-24">
         <name>.sysmem</name>
         <uninitialized>true</uninitialized>
         <run_address>0x20000a70</run_address>
         <size>0x10</size>
         <input_file_ref idref="fl-de"/>
      </object_component>
      <object_component id="oc-4a7">
         <name>.sysmem</name>
         <uninitialized>true</uninitialized>
         <run_address>0x20000a70</run_address>
         <size>0x0</size>
      </object_component>
      <object_component id="oc-27">
         <name>.stack</name>
         <uninitialized>true</uninitialized>
         <run_address>0x20000270</run_address>
         <size>0x4</size>
         <input_file_ref idref="fl-e3"/>
      </object_component>
      <object_component id="oc-4a6">
         <name>.stack</name>
         <uninitialized>true</uninitialized>
         <run_address>0x20000270</run_address>
         <size>0x0</size>
      </object_component>
      <object_component id="oc-c5">
         <name>.debug_info</name>
         <load_address>0x0</load_address>
         <run_address>0x0</run_address>
         <size>0x273</size>
         <input_file_ref idref="fl-2"/>
      </object_component>
      <object_component id="oc-fd">
         <name>.debug_info</name>
         <load_address>0x273</load_address>
         <run_address>0x273</run_address>
         <size>0x1a0</size>
         <input_file_ref idref="fl-2"/>
      </object_component>
      <object_component id="oc-77">
         <name>.debug_info</name>
         <load_address>0x413</load_address>
         <run_address>0x413</run_address>
         <size>0x26b</size>
         <input_file_ref idref="fl-2"/>
      </object_component>
      <object_component id="oc-39">
         <name>.debug_info</name>
         <load_address>0x67e</load_address>
         <run_address>0x67e</run_address>
         <size>0x84</size>
         <input_file_ref idref="fl-2"/>
      </object_component>
      <object_component id="oc-c0">
         <name>.debug_info</name>
         <load_address>0x702</load_address>
         <run_address>0x702</run_address>
         <size>0x2a4</size>
         <input_file_ref idref="fl-2"/>
      </object_component>
      <object_component id="oc-1bb">
         <name>.debug_info</name>
         <load_address>0x9a6</load_address>
         <run_address>0x9a6</run_address>
         <size>0x2b3</size>
         <input_file_ref idref="fl-3"/>
      </object_component>
      <object_component id="oc-1b8">
         <name>.debug_info</name>
         <load_address>0xc59</load_address>
         <run_address>0xc59</run_address>
         <size>0xc1</size>
         <input_file_ref idref="fl-3"/>
      </object_component>
      <object_component id="oc-f4">
         <name>.debug_info</name>
         <load_address>0xd1a</load_address>
         <run_address>0xd1a</run_address>
         <size>0x509</size>
         <input_file_ref idref="fl-3"/>
      </object_component>
      <object_component id="oc-7c">
         <name>.debug_info</name>
         <load_address>0x1223</load_address>
         <run_address>0x1223</run_address>
         <size>0xbb</size>
         <input_file_ref idref="fl-3"/>
      </object_component>
      <object_component id="oc-19b">
         <name>.debug_info</name>
         <load_address>0x12de</load_address>
         <run_address>0x12de</run_address>
         <size>0xb8</size>
         <input_file_ref idref="fl-4"/>
      </object_component>
      <object_component id="oc-e8">
         <name>.debug_info</name>
         <load_address>0x1396</load_address>
         <run_address>0x1396</run_address>
         <size>0xbe</size>
         <input_file_ref idref="fl-4"/>
      </object_component>
      <object_component id="oc-23c">
         <name>.debug_info</name>
         <load_address>0x1454</load_address>
         <run_address>0x1454</run_address>
         <size>0x72</size>
         <input_file_ref idref="fl-4"/>
      </object_component>
      <object_component id="oc-117">
         <name>.debug_info</name>
         <load_address>0x14c6</load_address>
         <run_address>0x14c6</run_address>
         <size>0x558</size>
         <input_file_ref idref="fl-5"/>
      </object_component>
      <object_component id="oc-230">
         <name>.debug_info</name>
         <load_address>0x1a1e</load_address>
         <run_address>0x1a1e</run_address>
         <size>0x5aa</size>
         <input_file_ref idref="fl-5"/>
      </object_component>
      <object_component id="oc-11f">
         <name>.debug_info</name>
         <load_address>0x1fc8</load_address>
         <run_address>0x1fc8</run_address>
         <size>0x9d</size>
         <input_file_ref idref="fl-5"/>
      </object_component>
      <object_component id="oc-2c3">
         <name>.debug_info</name>
         <load_address>0x2065</load_address>
         <run_address>0x2065</run_address>
         <size>0xcc</size>
         <input_file_ref idref="fl-5"/>
      </object_component>
      <object_component id="oc-179">
         <name>.debug_info</name>
         <load_address>0x2131</load_address>
         <run_address>0x2131</run_address>
         <size>0x2c</size>
         <input_file_ref idref="fl-5"/>
      </object_component>
      <object_component id="oc-235">
         <name>.debug_info</name>
         <load_address>0x215d</load_address>
         <run_address>0x215d</run_address>
         <size>0x35</size>
         <input_file_ref idref="fl-5"/>
      </object_component>
      <object_component id="oc-191">
         <name>.debug_info</name>
         <load_address>0x2192</load_address>
         <run_address>0x2192</run_address>
         <size>0x350</size>
         <input_file_ref idref="fl-6"/>
      </object_component>
      <object_component id="oc-e2">
         <name>.debug_info</name>
         <load_address>0x24e2</load_address>
         <run_address>0x24e2</run_address>
         <size>0x3b2</size>
         <input_file_ref idref="fl-6"/>
      </object_component>
      <object_component id="oc-194">
         <name>.debug_info</name>
         <load_address>0x2894</load_address>
         <run_address>0x2894</run_address>
         <size>0x8b</size>
         <input_file_ref idref="fl-6"/>
      </object_component>
      <object_component id="oc-22b">
         <name>.debug_info</name>
         <load_address>0x291f</load_address>
         <run_address>0x291f</run_address>
         <size>0x381</size>
         <input_file_ref idref="fl-7"/>
      </object_component>
      <object_component id="oc-216">
         <name>.debug_info</name>
         <load_address>0x2ca0</load_address>
         <run_address>0x2ca0</run_address>
         <size>0x116</size>
         <input_file_ref idref="fl-7"/>
      </object_component>
      <object_component id="oc-110">
         <name>.debug_info</name>
         <load_address>0x2db6</load_address>
         <run_address>0x2db6</run_address>
         <size>0x8a2</size>
         <input_file_ref idref="fl-7"/>
      </object_component>
      <object_component id="oc-119">
         <name>.debug_info</name>
         <load_address>0x3658</load_address>
         <run_address>0x3658</run_address>
         <size>0x6de</size>
         <input_file_ref idref="fl-8"/>
      </object_component>
      <object_component id="oc-a4">
         <name>.debug_info</name>
         <load_address>0x3d36</load_address>
         <run_address>0x3d36</run_address>
         <size>0xa3d</size>
         <input_file_ref idref="fl-8"/>
      </object_component>
      <object_component id="oc-241">
         <name>.debug_info</name>
         <load_address>0x4773</load_address>
         <run_address>0x4773</run_address>
         <size>0x72</size>
         <input_file_ref idref="fl-8"/>
      </object_component>
      <object_component id="oc-1f1">
         <name>.debug_info</name>
         <load_address>0x47e5</load_address>
         <run_address>0x47e5</run_address>
         <size>0x370</size>
         <input_file_ref idref="fl-9"/>
      </object_component>
      <object_component id="oc-114">
         <name>.debug_info</name>
         <load_address>0x4b55</load_address>
         <run_address>0x4b55</run_address>
         <size>0xbc</size>
         <input_file_ref idref="fl-9"/>
      </object_component>
      <object_component id="oc-103">
         <name>.debug_info</name>
         <load_address>0x4c11</load_address>
         <run_address>0x4c11</run_address>
         <size>0x11bf</size>
         <input_file_ref idref="fl-9"/>
      </object_component>
      <object_component id="oc-213">
         <name>.debug_info</name>
         <load_address>0x5dd0</load_address>
         <run_address>0x5dd0</run_address>
         <size>0x3fe</size>
         <input_file_ref idref="fl-a"/>
      </object_component>
      <object_component id="oc-20c">
         <name>.debug_info</name>
         <load_address>0x61ce</load_address>
         <run_address>0x61ce</run_address>
         <size>0x113</size>
         <input_file_ref idref="fl-a"/>
      </object_component>
      <object_component id="oc-20f">
         <name>.debug_info</name>
         <load_address>0x62e1</load_address>
         <run_address>0x62e1</run_address>
         <size>0xc8</size>
         <input_file_ref idref="fl-a"/>
      </object_component>
      <object_component id="oc-1ff">
         <name>.debug_info</name>
         <load_address>0x63a9</load_address>
         <run_address>0x63a9</run_address>
         <size>0x140</size>
         <input_file_ref idref="fl-a"/>
      </object_component>
      <object_component id="oc-108">
         <name>.debug_info</name>
         <load_address>0x64e9</load_address>
         <run_address>0x64e9</run_address>
         <size>0x198a</size>
         <input_file_ref idref="fl-a"/>
      </object_component>
      <object_component id="oc-32">
         <name>.debug_info</name>
         <load_address>0x7e73</load_address>
         <run_address>0x7e73</run_address>
         <size>0x29d</size>
         <input_file_ref idref="fl-b"/>
      </object_component>
      <object_component id="oc-13">
         <name>.debug_info</name>
         <load_address>0x8110</load_address>
         <run_address>0x8110</run_address>
         <size>0xdc</size>
         <input_file_ref idref="fl-b"/>
      </object_component>
      <object_component id="oc-2d">
         <name>.debug_info</name>
         <load_address>0x81ec</load_address>
         <run_address>0x81ec</run_address>
         <size>0x258</size>
         <input_file_ref idref="fl-b"/>
      </object_component>
      <object_component id="oc-11b">
         <name>.debug_info</name>
         <load_address>0x8444</load_address>
         <run_address>0x8444</run_address>
         <size>0x485</size>
         <input_file_ref idref="fl-12"/>
      </object_component>
      <object_component id="oc-1af">
         <name>.debug_info</name>
         <load_address>0x88c9</load_address>
         <run_address>0x88c9</run_address>
         <size>0x114</size>
         <input_file_ref idref="fl-12"/>
      </object_component>
      <object_component id="oc-ec">
         <name>.debug_info</name>
         <load_address>0x89dd</load_address>
         <run_address>0x89dd</run_address>
         <size>0x4ce</size>
         <input_file_ref idref="fl-12"/>
      </object_component>
      <object_component id="oc-1b2">
         <name>.debug_info</name>
         <load_address>0x8eab</load_address>
         <run_address>0x8eab</run_address>
         <size>0x9d</size>
         <input_file_ref idref="fl-12"/>
      </object_component>
      <object_component id="oc-2d3">
         <name>.debug_info</name>
         <load_address>0x8f48</load_address>
         <run_address>0x8f48</run_address>
         <size>0x2b7</size>
         <input_file_ref idref="fl-13"/>
      </object_component>
      <object_component id="oc-1aa">
         <name>.debug_info</name>
         <load_address>0x91ff</load_address>
         <run_address>0x91ff</run_address>
         <size>0x266</size>
         <input_file_ref idref="fl-13"/>
      </object_component>
      <object_component id="oc-2cc">
         <name>.debug_info</name>
         <load_address>0x9465</load_address>
         <run_address>0x9465</run_address>
         <size>0x3ba</size>
         <input_file_ref idref="fl-14"/>
      </object_component>
      <object_component id="oc-1a3">
         <name>.debug_info</name>
         <load_address>0x981f</load_address>
         <run_address>0x981f</run_address>
         <size>0x270</size>
         <input_file_ref idref="fl-14"/>
      </object_component>
      <object_component id="oc-19d">
         <name>.debug_info</name>
         <load_address>0x9a8f</load_address>
         <run_address>0x9a8f</run_address>
         <size>0x296</size>
         <input_file_ref idref="fl-15"/>
      </object_component>
      <object_component id="oc-2f2">
         <name>.debug_info</name>
         <load_address>0x9d25</load_address>
         <run_address>0x9d25</run_address>
         <size>0x35e</size>
         <input_file_ref idref="fl-cb"/>
      </object_component>
      <object_component id="oc-2e4">
         <name>.debug_info</name>
         <load_address>0xa083</load_address>
         <run_address>0xa083</run_address>
         <size>0x128</size>
         <input_file_ref idref="fl-cb"/>
      </object_component>
      <object_component id="oc-1c5">
         <name>.debug_info</name>
         <load_address>0xa1ab</load_address>
         <run_address>0xa1ab</run_address>
         <size>0xbf2</size>
         <input_file_ref idref="fl-cb"/>
      </object_component>
      <object_component id="oc-3e8">
         <name>.debug_info</name>
         <load_address>0xad9d</load_address>
         <run_address>0xad9d</run_address>
         <size>0x46</size>
         <input_file_ref idref="fl-cb"/>
      </object_component>
      <object_component id="oc-2ed">
         <name>.debug_info</name>
         <load_address>0xade3</load_address>
         <run_address>0xade3</run_address>
         <size>0x39</size>
         <input_file_ref idref="fl-cb"/>
      </object_component>
      <object_component id="oc-3d8">
         <name>.debug_info</name>
         <load_address>0xae1c</load_address>
         <run_address>0xae1c</run_address>
         <size>0x2c5</size>
         <input_file_ref idref="fl-cc"/>
      </object_component>
      <object_component id="oc-2df">
         <name>.debug_info</name>
         <load_address>0xb0e1</load_address>
         <run_address>0xb0e1</run_address>
         <size>0x24e</size>
         <input_file_ref idref="fl-cc"/>
      </object_component>
      <object_component id="oc-311">
         <name>.debug_info</name>
         <load_address>0xb32f</load_address>
         <run_address>0xb32f</run_address>
         <size>0x361</size>
         <input_file_ref idref="fl-cd"/>
      </object_component>
      <object_component id="oc-1e6">
         <name>.debug_info</name>
         <load_address>0xb690</load_address>
         <run_address>0xb690</run_address>
         <size>0x79b</size>
         <input_file_ref idref="fl-cd"/>
      </object_component>
      <object_component id="oc-3e2">
         <name>.debug_info</name>
         <load_address>0xbe2b</load_address>
         <run_address>0xbe2b</run_address>
         <size>0x2f8</size>
         <input_file_ref idref="fl-ce"/>
      </object_component>
      <object_component id="oc-2e7">
         <name>.debug_info</name>
         <load_address>0xc123</load_address>
         <run_address>0xc123</run_address>
         <size>0x225</size>
         <input_file_ref idref="fl-ce"/>
      </object_component>
      <object_component id="oc-453">
         <name>.debug_info</name>
         <load_address>0xc348</load_address>
         <run_address>0xc348</run_address>
         <size>0x39</size>
         <input_file_ref idref="fl-ce"/>
      </object_component>
      <object_component id="oc-3e3">
         <name>.debug_info</name>
         <load_address>0xc381</load_address>
         <run_address>0xc381</run_address>
         <size>0x2c</size>
         <input_file_ref idref="fl-ce"/>
      </object_component>
      <object_component id="oc-313">
         <name>.debug_info</name>
         <load_address>0xc3ad</load_address>
         <run_address>0xc3ad</run_address>
         <size>0x361</size>
         <input_file_ref idref="fl-cf"/>
      </object_component>
      <object_component id="oc-1ec">
         <name>.debug_info</name>
         <load_address>0xc70e</load_address>
         <run_address>0xc70e</run_address>
         <size>0x7ae</size>
         <input_file_ref idref="fl-cf"/>
      </object_component>
      <object_component id="oc-178">
         <name>.debug_info</name>
         <load_address>0xcebc</load_address>
         <run_address>0xcebc</run_address>
         <size>0x333</size>
         <input_file_ref idref="fl-d0"/>
      </object_component>
      <object_component id="oc-de">
         <name>.debug_info</name>
         <load_address>0xd1ef</load_address>
         <run_address>0xd1ef</run_address>
         <size>0x1d1</size>
         <input_file_ref idref="fl-d0"/>
      </object_component>
      <object_component id="oc-16f">
         <name>.debug_info</name>
         <load_address>0xd3c0</load_address>
         <run_address>0xd3c0</run_address>
         <size>0x18d</size>
         <input_file_ref idref="fl-d0"/>
      </object_component>
      <object_component id="oc-172">
         <name>.debug_info</name>
         <load_address>0xd54d</load_address>
         <run_address>0xd54d</run_address>
         <size>0x16d</size>
         <input_file_ref idref="fl-d0"/>
      </object_component>
      <object_component id="oc-340">
         <name>.debug_info</name>
         <load_address>0xd6ba</load_address>
         <run_address>0xd6ba</run_address>
         <size>0x2c</size>
         <input_file_ref idref="fl-d0"/>
      </object_component>
      <object_component id="oc-33f">
         <name>.debug_info</name>
         <load_address>0xd6e6</load_address>
         <run_address>0xd6e6</run_address>
         <size>0x340</size>
         <input_file_ref idref="fl-d1"/>
      </object_component>
      <object_component id="oc-21c">
         <name>.debug_info</name>
         <load_address>0xda26</load_address>
         <run_address>0xda26</run_address>
         <size>0x208</size>
         <input_file_ref idref="fl-d1"/>
      </object_component>
      <object_component id="oc-333">
         <name>.debug_info</name>
         <load_address>0xdc2e</load_address>
         <run_address>0xdc2e</run_address>
         <size>0x1c6</size>
         <input_file_ref idref="fl-d1"/>
      </object_component>
      <object_component id="oc-339">
         <name>.debug_info</name>
         <load_address>0xddf4</load_address>
         <run_address>0xddf4</run_address>
         <size>0x179</size>
         <input_file_ref idref="fl-d1"/>
      </object_component>
      <object_component id="oc-345">
         <name>.debug_info</name>
         <load_address>0xdf6d</load_address>
         <run_address>0xdf6d</run_address>
         <size>0x69</size>
         <input_file_ref idref="fl-d1"/>
      </object_component>
      <object_component id="oc-1d0">
         <name>.debug_info</name>
         <load_address>0xdfd6</load_address>
         <run_address>0xdfd6</run_address>
         <size>0x14c</size>
         <input_file_ref idref="fl-d2"/>
      </object_component>
      <object_component id="oc-1e2">
         <name>.debug_info</name>
         <load_address>0xe122</load_address>
         <run_address>0xe122</run_address>
         <size>0x128</size>
         <input_file_ref idref="fl-d3"/>
      </object_component>
      <object_component id="oc-f8">
         <name>.debug_info</name>
         <load_address>0xe24a</load_address>
         <run_address>0xe24a</run_address>
         <size>0x12a</size>
         <input_file_ref idref="fl-d3"/>
      </object_component>
      <object_component id="oc-1dd">
         <name>.debug_info</name>
         <load_address>0xe374</load_address>
         <run_address>0xe374</run_address>
         <size>0x13a</size>
         <input_file_ref idref="fl-d4"/>
      </object_component>
      <object_component id="oc-1cb">
         <name>.debug_info</name>
         <load_address>0xe4ae</load_address>
         <run_address>0xe4ae</run_address>
         <size>0x13a</size>
         <input_file_ref idref="fl-d5"/>
      </object_component>
      <object_component id="oc-2fc">
         <name>.debug_info</name>
         <load_address>0xe5e8</load_address>
         <run_address>0xe5e8</run_address>
         <size>0x12e</size>
         <input_file_ref idref="fl-d6"/>
      </object_component>
      <object_component id="oc-1d7">
         <name>.debug_info</name>
         <load_address>0xe716</load_address>
         <run_address>0xe716</run_address>
         <size>0x13e</size>
         <input_file_ref idref="fl-d7"/>
      </object_component>
      <object_component id="oc-d7">
         <name>.debug_info</name>
         <load_address>0xe854</load_address>
         <run_address>0xe854</run_address>
         <size>0x12c</size>
         <input_file_ref idref="fl-d8"/>
      </object_component>
      <object_component id="oc-1c1">
         <name>.debug_info</name>
         <load_address>0xe980</load_address>
         <run_address>0xe980</run_address>
         <size>0x12c</size>
         <input_file_ref idref="fl-d9"/>
      </object_component>
      <object_component id="oc-3f">
         <name>.debug_info</name>
         <load_address>0xeaac</load_address>
         <run_address>0xeaac</run_address>
         <size>0x119</size>
         <input_file_ref idref="fl-da"/>
      </object_component>
      <object_component id="oc-95">
         <name>.debug_info</name>
         <load_address>0xebc5</load_address>
         <run_address>0xebc5</run_address>
         <size>0x2d4</size>
         <input_file_ref idref="fl-db"/>
      </object_component>
      <object_component id="oc-4d">
         <name>.debug_info</name>
         <load_address>0xee99</load_address>
         <run_address>0xee99</run_address>
         <size>0x1d2</size>
         <input_file_ref idref="fl-db"/>
      </object_component>
      <object_component id="oc-90">
         <name>.debug_info</name>
         <load_address>0xf06b</load_address>
         <run_address>0xf06b</run_address>
         <size>0x46</size>
         <input_file_ref idref="fl-db"/>
      </object_component>
      <object_component id="oc-cd">
         <name>.debug_info</name>
         <load_address>0xf0b1</load_address>
         <run_address>0xf0b1</run_address>
         <size>0x2c</size>
         <input_file_ref idref="fl-db"/>
      </object_component>
      <object_component id="oc-49">
         <name>.debug_info</name>
         <load_address>0xf0dd</load_address>
         <run_address>0xf0dd</run_address>
         <size>0x2a8</size>
         <input_file_ref idref="fl-dc"/>
      </object_component>
      <object_component id="oc-1f">
         <name>.debug_info</name>
         <load_address>0xf385</load_address>
         <run_address>0xf385</run_address>
         <size>0x1ea</size>
         <input_file_ref idref="fl-dc"/>
      </object_component>
      <object_component id="oc-44">
         <name>.debug_info</name>
         <load_address>0xf56f</load_address>
         <run_address>0xf56f</run_address>
         <size>0x46</size>
         <input_file_ref idref="fl-dc"/>
      </object_component>
      <object_component id="oc-88">
         <name>.debug_info</name>
         <load_address>0xf5b5</load_address>
         <run_address>0xf5b5</run_address>
         <size>0x2c</size>
         <input_file_ref idref="fl-dc"/>
      </object_component>
      <object_component id="oc-86">
         <name>.debug_info</name>
         <load_address>0xf5e1</load_address>
         <run_address>0xf5e1</run_address>
         <size>0x29e</size>
         <input_file_ref idref="fl-dd"/>
      </object_component>
      <object_component id="oc-19">
         <name>.debug_info</name>
         <load_address>0xf87f</load_address>
         <run_address>0xf87f</run_address>
         <size>0x250</size>
         <input_file_ref idref="fl-dd"/>
      </object_component>
      <object_component id="oc-34">
         <name>.debug_info</name>
         <load_address>0xfacf</load_address>
         <run_address>0xfacf</run_address>
         <size>0x60</size>
         <input_file_ref idref="fl-dd"/>
      </object_component>
      <object_component id="oc-c6">
         <name>.debug_info</name>
         <load_address>0xfb2f</load_address>
         <run_address>0xfb2f</run_address>
         <size>0x46</size>
         <input_file_ref idref="fl-dd"/>
      </object_component>
      <object_component id="oc-81">
         <name>.debug_info</name>
         <load_address>0xfb75</load_address>
         <run_address>0xfb75</run_address>
         <size>0x39</size>
         <input_file_ref idref="fl-dd"/>
      </object_component>
      <object_component id="oc-70">
         <name>.debug_info</name>
         <load_address>0xfbae</load_address>
         <run_address>0xfbae</run_address>
         <size>0x3b2</size>
         <input_file_ref idref="fl-de"/>
      </object_component>
      <object_component id="oc-25">
         <name>.debug_info</name>
         <load_address>0xff60</load_address>
         <run_address>0xff60</run_address>
         <size>0x10c</size>
         <input_file_ref idref="fl-de"/>
      </object_component>
      <object_component id="oc-40c">
         <name>.debug_info</name>
         <load_address>0x1006c</load_address>
         <run_address>0x1006c</run_address>
         <size>0x13f</size>
         <input_file_ref idref="fl-de"/>
      </object_component>
      <object_component id="oc-31a">
         <name>.debug_info</name>
         <load_address>0x101ab</load_address>
         <run_address>0x101ab</run_address>
         <size>0x168</size>
         <input_file_ref idref="fl-de"/>
      </object_component>
      <object_component id="oc-321">
         <name>.debug_info</name>
         <load_address>0x10313</load_address>
         <run_address>0x10313</run_address>
         <size>0x18e</size>
         <input_file_ref idref="fl-de"/>
      </object_component>
      <object_component id="oc-327">
         <name>.debug_info</name>
         <load_address>0x104a1</load_address>
         <run_address>0x104a1</run_address>
         <size>0x19f</size>
         <input_file_ref idref="fl-de"/>
      </object_component>
      <object_component id="oc-1fc">
         <name>.debug_info</name>
         <load_address>0x10640</load_address>
         <run_address>0x10640</run_address>
         <size>0x203</size>
         <input_file_ref idref="fl-de"/>
      </object_component>
      <object_component id="oc-466">
         <name>.debug_info</name>
         <load_address>0x10843</load_address>
         <run_address>0x10843</run_address>
         <size>0x1db</size>
         <input_file_ref idref="fl-de"/>
      </object_component>
      <object_component id="oc-1f6">
         <name>.debug_info</name>
         <load_address>0x10a1e</load_address>
         <run_address>0x10a1e</run_address>
         <size>0x1a5</size>
         <input_file_ref idref="fl-de"/>
      </object_component>
      <object_component id="oc-408">
         <name>.debug_info</name>
         <load_address>0x10bc3</load_address>
         <run_address>0x10bc3</run_address>
         <size>0x299</size>
         <input_file_ref idref="fl-de"/>
      </object_component>
      <object_component id="oc-bb">
         <name>.debug_info</name>
         <load_address>0x10e5c</load_address>
         <run_address>0x10e5c</run_address>
         <size>0xb2</size>
         <input_file_ref idref="fl-de"/>
      </object_component>
      <object_component id="oc-b6">
         <name>.debug_info</name>
         <load_address>0x10f0e</load_address>
         <run_address>0x10f0e</run_address>
         <size>0x2c</size>
         <input_file_ref idref="fl-de"/>
      </object_component>
      <object_component id="oc-32b">
         <name>.debug_info</name>
         <load_address>0x10f3a</load_address>
         <run_address>0x10f3a</run_address>
         <size>0x28a</size>
         <input_file_ref idref="fl-df"/>
      </object_component>
      <object_component id="oc-207">
         <name>.debug_info</name>
         <load_address>0x111c4</load_address>
         <run_address>0x111c4</run_address>
         <size>0x273</size>
         <input_file_ref idref="fl-df"/>
      </object_component>
      <object_component id="oc-34b">
         <name>.debug_info</name>
         <load_address>0x11437</load_address>
         <run_address>0x11437</run_address>
         <size>0x2a4</size>
         <input_file_ref idref="fl-e0"/>
      </object_component>
      <object_component id="oc-225">
         <name>.debug_info</name>
         <load_address>0x116db</load_address>
         <run_address>0x116db</run_address>
         <size>0x24d</size>
         <input_file_ref idref="fl-e0"/>
      </object_component>
      <object_component id="oc-2af">
         <name>.debug_info</name>
         <load_address>0x11928</load_address>
         <run_address>0x11928</run_address>
         <size>0x28f</size>
         <input_file_ref idref="fl-e1"/>
      </object_component>
      <object_component id="oc-180">
         <name>.debug_info</name>
         <load_address>0x11bb7</load_address>
         <run_address>0x11bb7</run_address>
         <size>0x245</size>
         <input_file_ref idref="fl-e1"/>
      </object_component>
      <object_component id="oc-3fc">
         <name>.debug_info</name>
         <load_address>0x11dfc</load_address>
         <run_address>0x11dfc</run_address>
         <size>0x3aa</size>
         <input_file_ref idref="fl-e2"/>
      </object_component>
      <object_component id="oc-3f9">
         <name>.debug_info</name>
         <load_address>0x121a6</load_address>
         <run_address>0x121a6</run_address>
         <size>0x13a</size>
         <input_file_ref idref="fl-e2"/>
      </object_component>
      <object_component id="oc-306">
         <name>.debug_info</name>
         <load_address>0x122e0</load_address>
         <run_address>0x122e0</run_address>
         <size>0x72f</size>
         <input_file_ref idref="fl-e2"/>
      </object_component>
      <object_component id="oc-28">
         <name>.debug_info</name>
         <load_address>0x12a0f</load_address>
         <run_address>0x12a0f</run_address>
         <size>0x10b</size>
         <input_file_ref idref="fl-e3"/>
      </object_component>
      <object_component id="oc-5e">
         <name>.debug_info</name>
         <load_address>0x12b1a</load_address>
         <run_address>0x12b1a</run_address>
         <size>0x1a9</size>
         <input_file_ref idref="fl-e3"/>
      </object_component>
      <object_component id="oc-3b5">
         <name>.debug_info</name>
         <load_address>0x12cc3</load_address>
         <run_address>0x12cc3</run_address>
         <size>0x289</size>
         <input_file_ref idref="fl-e4"/>
      </object_component>
      <object_component id="oc-3b2">
         <name>.debug_info</name>
         <load_address>0x12f4c</load_address>
         <run_address>0x12f4c</run_address>
         <size>0x10e</size>
         <input_file_ref idref="fl-e4"/>
      </object_component>
      <object_component id="oc-29a">
         <name>.debug_info</name>
         <load_address>0x1305a</load_address>
         <run_address>0x1305a</run_address>
         <size>0x14e</size>
         <input_file_ref idref="fl-e4"/>
      </object_component>
      <object_component id="oc-3dd">
         <name>.debug_info</name>
         <load_address>0x131a8</load_address>
         <run_address>0x131a8</run_address>
         <size>0x161</size>
         <input_file_ref idref="fl-e5"/>
      </object_component>
      <object_component id="oc-3f1">
         <name>.debug_info</name>
         <load_address>0x13309</load_address>
         <run_address>0x13309</run_address>
         <size>0x288</size>
         <input_file_ref idref="fl-e6"/>
      </object_component>
      <object_component id="oc-300">
         <name>.debug_info</name>
         <load_address>0x13591</load_address>
         <run_address>0x13591</run_address>
         <size>0x327</size>
         <input_file_ref idref="fl-e6"/>
      </object_component>
      <object_component id="oc-3ff">
         <name>.debug_info</name>
         <load_address>0x138b8</load_address>
         <run_address>0x138b8</run_address>
         <size>0x28d</size>
         <input_file_ref idref="fl-e7"/>
      </object_component>
      <object_component id="oc-30c">
         <name>.debug_info</name>
         <load_address>0x13b45</load_address>
         <run_address>0x13b45</run_address>
         <size>0x380</size>
         <input_file_ref idref="fl-e7"/>
      </object_component>
      <object_component id="oc-45b">
         <name>.debug_info</name>
         <load_address>0x13ec5</load_address>
         <run_address>0x13ec5</run_address>
         <size>0x28a</size>
         <input_file_ref idref="fl-e8"/>
      </object_component>
      <object_component id="oc-3f3">
         <name>.debug_info</name>
         <load_address>0x1414f</load_address>
         <run_address>0x1414f</run_address>
         <size>0x22a</size>
         <input_file_ref idref="fl-e8"/>
      </object_component>
      <object_component id="oc-29f">
         <name>.debug_info</name>
         <load_address>0x14379</load_address>
         <run_address>0x14379</run_address>
         <size>0x590</size>
         <input_file_ref idref="fl-e9"/>
      </object_component>
      <object_component id="oc-271">
         <name>.debug_info</name>
         <load_address>0x14909</load_address>
         <run_address>0x14909</run_address>
         <size>0x21e</size>
         <input_file_ref idref="fl-e9"/>
      </object_component>
      <object_component id="oc-383">
         <name>.debug_info</name>
         <load_address>0x14b27</load_address>
         <run_address>0x14b27</run_address>
         <size>0x1b3</size>
         <input_file_ref idref="fl-e9"/>
      </object_component>
      <object_component id="oc-389">
         <name>.debug_info</name>
         <load_address>0x14cda</load_address>
         <run_address>0x14cda</run_address>
         <size>0x21b</size>
         <input_file_ref idref="fl-e9"/>
      </object_component>
      <object_component id="oc-277">
         <name>.debug_info</name>
         <load_address>0x14ef5</load_address>
         <run_address>0x14ef5</run_address>
         <size>0x3c0</size>
         <input_file_ref idref="fl-e9"/>
      </object_component>
      <object_component id="oc-390">
         <name>.debug_info</name>
         <load_address>0x152b5</load_address>
         <run_address>0x152b5</run_address>
         <size>0x30a</size>
         <input_file_ref idref="fl-e9"/>
      </object_component>
      <object_component id="oc-396">
         <name>.debug_info</name>
         <load_address>0x155bf</load_address>
         <run_address>0x155bf</run_address>
         <size>0x215</size>
         <input_file_ref idref="fl-e9"/>
      </object_component>
      <object_component id="oc-27d">
         <name>.debug_info</name>
         <load_address>0x157d4</load_address>
         <run_address>0x157d4</run_address>
         <size>0x215</size>
         <input_file_ref idref="fl-e9"/>
      </object_component>
      <object_component id="oc-283">
         <name>.debug_info</name>
         <load_address>0x159e9</load_address>
         <run_address>0x159e9</run_address>
         <size>0x304</size>
         <input_file_ref idref="fl-e9"/>
      </object_component>
      <object_component id="oc-289">
         <name>.debug_info</name>
         <load_address>0x15ced</load_address>
         <run_address>0x15ced</run_address>
         <size>0x4b5</size>
         <input_file_ref idref="fl-e9"/>
      </object_component>
      <object_component id="oc-168">
         <name>.debug_info</name>
         <load_address>0x161a2</load_address>
         <run_address>0x161a2</run_address>
         <size>0x5f4</size>
[...]
      <symbol id="sm-308">
         <name>oi_shutoff_init</name>
         <value>0xb51</value>
         <object_component_ref idref="oc-107"/>
      </symbol>
      <symbol id="sm-309">
         <name>motor_cal_factor_L</name>
         <value>0x20000efc</value>
         <object_component_ref idref="oc-20b"/>
      </symbol>
      <symbol id="sm-30a">
         <name>motor_cal_factor_R</name>
         <value>0x20000f00</value>
         <object_component_ref idref="oc-20b"/>
      </symbol>
      <symbol id="sm-30b">
         <name>oi_parseInt</name>
         <value>0x7523</value>
         <object_component_ref idref="oc-1fe"/>
      </symbol>
      <symbol id="sm-30c">
         <name>oi_setMotorCalibration</name>
         <value>0xdb1</value>
         <object_component_ref idref="oc-107"/>
      </symbol>
      <symbol id="sm-30d">
         <name>oi_uartSendStr</name>
         <value>0xa59</value>
         <object_component_ref idref="oc-107"/>
      </symbol>
      <symbol id="sm-30e">
         <name>oi_close</name>
         <value>0x2c7</value>
         <object_component_ref idref="oc-107"/>
      </symbol>
      <symbol id="sm-30f">
         <name>oi_uartSendBuff</name>
         <value>0xa77</value>
         <object_component_ref idref="oc-107"/>
      </symbol>
      <symbol id="sm-310">
         <name>oi_checkFirmware</name>
         <value>0xaa9</value>
         <object_component_ref idref="oc-107"/>
      </symbol>
      <symbol id="sm-311">
         <name>oi_init_noupdate</name>
         <value>0x289</value>
         <object_component_ref idref="oc-107"/>
      </symbol>
      <symbol id="sm-312">
         <name>oi_uartSendChar</name>
         <value>0xa15</value>
         <object_component_ref idref="oc-107"/>
      </symbol>
      <symbol id="sm-313">
         <name>oi_alloc</name>
         <value>0x26d</value>
         <object_component_ref idref="oc-107"/>
      </symbol>
      <symbol id="sm-314">
         <name>oi_getMotorCalibrationLeft</name>
         <value>0xded</value>
         <object_component_ref idref="oc-107"/>
      </symbol>
      <symbol id="sm-315">
         <name>oi_loadSong</name>
         <value>0x915</value>
         <object_component_ref idref="oc-107"/>
      </symbol>
      <symbol id="sm-316">
         <name>oi_play_song</name>
         <value>0x96b</value>
         <object_component_ref idref="oc-107"/>
      </symbol>
      <symbol id="sm-317">
         <name>oi_parsePacket</name>
         <value>0x32b</value>
         <object_component_ref idref="oc-107"/>
      </symbol>
      <symbol id="sm-318">
         <name>oi_setLeds</name>
         <value>0x84b</value>
         <object_component_ref idref="oc-107"/>
      </symbol>
      <symbol id="sm-319">
         <name>oi_init</name>
         <value>0x2b1</value>
         <object_component_ref idref="oc-107"/>
      </symbol>
      <symbol id="sm-31a">
         <name>oi_update</name>
         <value>0x2d9</value>
         <object_component_ref idref="oc-107"/>
      </symbol>
      <symbol id="sm-31b">
         <name>oi_uartInit</name>
         <value>0x98d</value>
         <object_component_ref idref="oc-107"/>
      </symbol>
      <symbol id="sm-337">
         <name>ResetISR</name>
         <value>0x75dd</value>
         <object_component_ref idref="oc-2a"/>
      </symbol>
      <symbol id="sm-338">
         <name>g_pfnVectors</name>
         <value>0x0</value>
         <object_component_ref idref="oc-12"/>
      </symbol>
      <symbol id="sm-374">
         <name>cyBOT_SERVO_cal</name>
         <value>0x5099</value>
         <object_component_ref idref="oc-ea"/>
      </symbol>
      <symbol id="sm-375">
         <name>cyBOT_Scan</name>
         <value>0x5027</value>
         <object_component_ref idref="oc-ea"/>
      </symbol>
      <symbol id="sm-376">
         <name>cyBOT_scan_features</name>
         <value>0x20000f38</value>
         <object_component_ref idref="oc-1ae"/>
      </symbol>
      <symbol id="sm-377">
         <name>cyBOT_scan_version</name>
         <value>0x4fc1</value>
         <object_component_ref idref="oc-ea"/>
      </symbol>
      <symbol id="sm-378">
         <name>cyBOT_init_Scan</name>
         <value>0x4fcf</value>
         <object_component_ref idref="oc-ea"/>
      </symbol>
      <symbol id="sm-39f">
         <name>isr_int_value</name>
         <value>0x20000ee4</value>
      </symbol>
      <symbol id="sm-3a0">
         <name>ir_enableInterrupt</name>
         <value>0x6553</value>
         <object_component_ref idref="oc-1a8"/>
      </symbol>
      <symbol id="sm-3a1">
         <name>ir_getDistance</name>
         <value>0x6535</value>
         <object_component_ref idref="oc-1a8"/>
      </symbol>
      <symbol id="sm-3a2">
         <name>ir_init</name>
         <value>0x64a5</value>
         <object_component_ref idref="oc-1a8"/>
      </symbol>
      <symbol id="sm-3a3">
         <name>ADC0SS0_Handler</name>
         <value>0x653d</value>
         <object_component_ref idref="oc-1a8"/>
      </symbol>
      <symbol id="sm-3a4">
         <name>ir_getValue</name>
         <value>0x650d</value>
         <object_component_ref idref="oc-1a8"/>
      </symbol>
      <symbol id="sm-3d3">
         <name>risingEdge</name>
         <value>0x20000ef4</value>
      </symbol>
      <symbol id="sm-3d4">
         <name>fallingEdge</name>
         <value>0x20000ee0</value>
      </symbol>
      <symbol id="sm-3d5">
         <name>pulseLength</name>
         <value>0x20000eec</value>
      </symbol>
      <symbol id="sm-3d6">
         <name>isRisingEdge</name>
         <value>0x20000ef8</value>
      </symbol>
      <symbol id="sm-3d7">
         <name>TIMER3B_Handler</name>
         <value>0x5559</value>
         <object_component_ref idref="oc-1a2"/>
      </symbol>
      <symbol id="sm-3d8">
         <name>ping_init</name>
         <value>0x5469</value>
         <object_component_ref idref="oc-1a2"/>
      </symbol>
      <symbol id="sm-3d9">
         <name>ping_getDistance</name>
         <value>0x55ab</value>
         <object_component_ref idref="oc-1a2"/>
      </symbol>
      <symbol id="sm-3da">
         <name>ping_trigger</name>
         <value>0x54ef</value>
         <object_component_ref idref="oc-1a2"/>
      </symbol>
      <symbol id="sm-3fc">
         <name>servo_move</name>
         <value>0x5eed</value>
         <object_component_ref idref="oc-19c"/>
      </symbol>
      <symbol id="sm-3fd">
         <name>servo_init</name>
         <value>0x5e5d</value>
         <object_component_ref idref="oc-19c"/>
      </symbol>
      <symbol id="sm-3fe">
         <name>servo_stop</name>
         <value>0x5ee1</value>
         <object_component_ref idref="oc-19c"/>
      </symbol>
      <symbol id="sm-3ff">
         <name>servo_setPWM</name>
         <value>0x5f4d</value>
         <object_component_ref idref="oc-19c"/>
      </symbol>
      <symbol id="sm-495">
         <name>pow</name>
         <value>0x24a1</value>
         <object_component_ref idref="oc-1c4"/>
      </symbol>
      <symbol id="sm-496">
         <name>powl</name>
         <value>0x24a1</value>
         <object_component_ref idref="oc-1c4"/>
      </symbol>
      <symbol id="sm-4b8">
         <name>sqrtl</name>
         <value>0x5fb5</value>
         <object_component_ref idref="oc-2dd"/>
      </symbol>
      <symbol id="sm-4b9">
         <name>sqrt</name>
         <value>0x5fb5</value>
         <object_component_ref idref="oc-2dd"/>
      </symbol>
      <symbol id="sm-50a">
         <name>cosl</name>
         <value>0x444d</value>
         <object_component_ref idref="oc-1e4"/>
      </symbol>
      <symbol id="sm-50b">
         <name>cos</name>
         <value>0x444d</value>
         <object_component_ref idref="oc-1e4"/>
      </symbol>
      <symbol id="sm-532">
         <name>scalbn</name>
         <value>0x65bd</value>
         <object_component_ref idref="oc-2e6"/>
      </symbol>
      <symbol id="sm-533">
         <name>scalbnl</name>
         <value>0x65bd</value>
         <object_component_ref idref="oc-2e6"/>
      </symbol>
      <symbol id="sm-534">
         <name>ldexpl</name>
         <value>0x65bd</value>
         <object_component_ref idref="oc-2e6"/>
      </symbol>
      <symbol id="sm-535">
         <name>ldexp</name>
         <value>0x65bd</value>
         <object_component_ref idref="oc-2e6"/>
      </symbol>
      <symbol id="sm-585">
         <name>sin</name>
         <value>0x3e6d</value>
         <object_component_ref idref="oc-1ea"/>
      </symbol>
      <symbol id="sm-586">
         <name>sinl</name>
         <value>0x3e6d</value>
         <object_component_ref idref="oc-1ea"/>
      </symbol>
      <symbol id="sm-5ad">
         <name>sprintf</name>
         <value>0x7265</value>
         <object_component_ref idref="oc-db"/>
      </symbol>
      <symbol id="sm-5d7">
         <name>vsnprintf</name>
         <value>0x72a5</value>
         <object_component_ref idref="oc-21b"/>
      </symbol>
      <symbol id="sm-5ee">
         <name>__aeabi_dsub</name>
         <value>0x5825</value>
         <object_component_ref idref="oc-1cf"/>
      </symbol>
      <symbol id="sm-5ef">
         <name>__aeabi_dadd</name>
         <value>0x582f</value>
         <object_component_ref idref="oc-1cf"/>
      </symbol>
      <symbol id="sm-611">
         <name>__aeabi_cdcmpeq</name>
         <value>0x6c89</value>
         <object_component_ref idref="oc-1df"/>
      </symbol>
      <symbol id="sm-612">
         <name>__aeabi_cdcmple</name>
         <value>0x6c89</value>
         <object_component_ref idref="oc-1df"/>
      </symbol>
      <symbol id="sm-613">
         <name>__aeabi_cdrcmple</name>
         <value>0x6d0f</value>
         <object_component_ref idref="oc-f6"/>
      </symbol>
      <symbol id="sm-627">
         <name>__aeabi_ddiv</name>
         <value>0x6249</value>
         <object_component_ref idref="oc-1da"/>
      </symbol>
      <symbol id="sm-632">
         <name>__aeabi_dmul</name>
         <value>0x67cd</value>
         <object_component_ref idref="oc-1ca"/>
      </symbol>
      <symbol id="sm-63c">
         <name>__aeabi_d2iz</name>
         <value>0x71d9</value>
         <object_component_ref idref="oc-2f9"/>
      </symbol>
      <symbol id="sm-648">
         <name>__aeabi_d2f</name>
         <value>0x6eef</value>
         <object_component_ref idref="oc-1d4"/>
      </symbol>
      <symbol id="sm-653">
         <name>__aeabi_f2d</name>
         <value>0x735d</value>
         <object_component_ref idref="oc-d6"/>
      </symbol>
      <symbol id="sm-65d">
         <name>__aeabi_i2d</name>
         <value>0x742d</value>
         <object_component_ref idref="oc-1bf"/>
      </symbol>
      <symbol id="sm-678">
         <name>memcpy</name>
         <value>0x6b57</value>
         <object_component_ref idref="oc-3e"/>
      </symbol>
      <symbol id="sm-679">
         <name>__aeabi_memcpy</name>
         <value>0x6b57</value>
         <object_component_ref idref="oc-3e"/>
      </symbol>
      <symbol id="sm-67a">
         <name>__aeabi_memcpy8</name>
         <value>0x6b57</value>
         <object_component_ref idref="oc-3e"/>
      </symbol>
      <symbol id="sm-67b">
         <name>__aeabi_memcpy4</name>
         <value>0x6b57</value>
         <object_component_ref idref="oc-3e"/>
      </symbol>
      <symbol id="sm-694">
         <name>__TI_zero_init_nomemset</name>
         <value>0x7485</value>
         <object_component_ref idref="oc-4a"/>
      </symbol>
      <symbol id="sm-6ab">
         <name>__TI_decompress_none</name>
         <value>0x75c3</value>
         <object_component_ref idref="oc-1b"/>
      </symbol>
      <symbol id="sm-6ce">
         <name>__TI_decompress_lzss</name>
         <value>0x6fc5</value>
         <object_component_ref idref="oc-15"/>
      </symbol>
      <symbol id="sm-763">
         <name>_sys_memory</name>
         <value>0x20000a70</value>
         <object_component_ref idref="oc-24"/>
      </symbol>
      <symbol id="sm-764">
         <name>free</name>
         <value>0x69c1</value>
         <object_component_ref idref="oc-1f8"/>
      </symbol>
      <symbol id="sm-765">
         <name>memalign</name>
         <value>0x66cd</value>
         <object_component_ref idref="oc-404"/>
      </symbol>
      <symbol id="sm-766">
         <name>calloc</name>
         <value>0x7325</value>
         <object_component_ref idref="oc-1f2"/>
      </symbol>
      <symbol id="sm-767">
         <name>malloc</name>
         <value>0x75fd</value>
         <object_component_ref idref="oc-316"/>
      </symbol>
      <symbol id="sm-768">
         <name>aligned_alloc</name>
         <value>0x66cd</value>
         <object_component_ref idref="oc-404"/>
      </symbol>
      <symbol id="sm-777">
         <name>strcmp</name>
         <value>0x753b</value>
         <object_component_ref idref="oc-205"/>
      </symbol>
      <symbol id="sm-785">
         <name>strcpy</name>
         <value>0x7569</value>
         <object_component_ref idref="oc-221"/>
      </symbol>
      <symbol id="sm-793">
         <name>strlen</name>
         <value>0x757d</value>
         <object_component_ref idref="oc-17e"/>
      </symbol>
      <symbol id="sm-7f9">
         <name>__kernel_rem_pio2</name>
         <value>0x3735</value>
         <object_component_ref idref="oc-304"/>
      </symbol>
      <symbol id="sm-80c">
         <name>__stack</name>
         <value>0x20000270</value>
         <object_component_ref idref="oc-27"/>
      </symbol>
      <symbol id="sm-80d">
         <name>_c_int00_noargs</name>
         <value>0x73c9</value>
         <object_component_ref idref="oc-5c"/>
      </symbol>
      <symbol id="sm-823">
         <name>__aeabi_errno_addr</name>
         <value>0x75f5</value>
         <object_component_ref idref="oc-298"/>
      </symbol>
      <symbol id="sm-824">
         <name>errno</name>
         <value>0x20000f40</value>
         <object_component_ref idref="oc-3b1"/>
      </symbol>
      <symbol id="sm-82e">
         <name>copysign</name>
         <value>0x74d9</value>
         <object_component_ref idref="oc-3db"/>
      </symbol>
      <symbol id="sm-82f">
         <name>copysignl</name>
         <value>0x74d9</value>
         <object_component_ref idref="oc-3db"/>
      </symbol>
      <symbol id="sm-845">
         <name>__kernel_cos</name>
         <value>0x5ced</value>
         <object_component_ref idref="oc-2fe"/>
      </symbol>
      <symbol id="sm-85c">
         <name>__kernel_sin</name>
         <value>0x5b79</value>
         <object_component_ref idref="oc-30a"/>
      </symbol>
      <symbol id="sm-879">
         <name>floorl</name>
         <value>0x68c9</value>
         <object_component_ref idref="oc-3f2"/>
      </symbol>
      <symbol id="sm-87a">
         <name>floor</name>
         <value>0x68c9</value>
         <object_component_ref idref="oc-3f2"/>
      </symbol>
      <symbol id="sm-9df">
         <name>__TI_printfi</name>
         <value>0x1a51</value>
         <object_component_ref idref="oc-165"/>
      </symbol>
      <symbol id="sm-9ee">
         <name>__aeabi_memset</name>
         <value>0x6d97</value>
         <object_component_ref idref="oc-96"/>
      </symbol>
      <symbol id="sm-9ef">
         <name>memset</name>
         <value>0x6d9d</value>
         <object_component_ref idref="oc-96"/>
      </symbol>
      <symbol id="sm-9f0">
         <name>__aeabi_memset8</name>
         <value>0x6d97</value>
         <object_component_ref idref="oc-96"/>
      </symbol>
      <symbol id="sm-9f1">
         <name>__aeabi_memset4</name>
         <value>0x6d97</value>
         <object_component_ref idref="oc-96"/>
      </symbol>
      <symbol id="sm-9f2">
         <name>__aeabi_memclr8</name>
         <value>0x6d95</value>
         <object_component_ref idref="oc-96"/>
      </symbol>
      <symbol id="sm-9f3">
         <name>__aeabi_memclr4</name>
         <value>0x6d95</value>
         <object_component_ref idref="oc-96"/>
      </symbol>
      <symbol id="sm-9f4">
         <name>__aeabi_memclr</name>
         <value>0x6d95</value>
         <object_component_ref idref="oc-96"/>
      </symbol>
      <symbol id="sm-a01">
         <name>__aeabi_uldivmod</name>
         <value>0x6bf3</value>
         <object_component_ref idref="oc-374"/>
      </symbol>
      <symbol id="sm-a29">
         <name>__TI_auto_init_nobinit_nopinit</name>
         <value>0x7221</value>
         <object_component_ref idref="oc-130"/>
      </symbol>
      <symbol id="sm-a33">
         <name>_system_pre_init</name>
         <value>0x7605</value>
         <object_component_ref idref="oc-9c"/>
      </symbol>
      <symbol id="sm-a3f">
         <name>C$$EXIT</name>
         <value>0x7609</value>
         <object_component_ref idref="oc-124"/>
      </symbol>
      <symbol id="sm-a40">
         <name>abort</name>
         <value>0x7609</value>
         <object_component_ref idref="oc-124"/>
      </symbol>
      <symbol id="sm-a55">
         <name>_nop</name>
         <value>0x249f</value>
         <object_component_ref idref="oc-350"/>
      </symbol>
      <symbol id="sm-a56">
         <name>_lock</name>
         <value>0x20000f28</value>
         <object_component_ref idref="oc-24c"/>
      </symbol>
      <symbol id="sm-a57">
         <name>_unlock</name>
         <value>0x20000f2c</value>
         <object_component_ref idref="oc-24c"/>
      </symbol>
      <symbol id="sm-a66">
         <name>__TI_ltoa</name>
         <value>0x70e7</value>
         <object_component_ref idref="oc-37a"/>
      </symbol>
      <symbol id="sm-a7d">
         <name>atoi</name>
         <value>0x718d</value>
         <object_component_ref idref="oc-268"/>
      </symbol>
      <symbol id="sm-a88">
         <name>_ctypes_</name>
         <value>0x7768</value>
         <object_component_ref idref="oc-36f"/>
      </symbol>
      <symbol id="sm-a98">
         <name>memccpy</name>
         <value>0x74bd</value>
         <object_component_ref idref="oc-28c"/>
      </symbol>
      <symbol id="sm-aa8">
         <name>strchr</name>
         <value>0x7553</value>
         <object_component_ref idref="oc-3a1"/>
      </symbol>
      <symbol id="sm-ac1">
         <name>wcslen</name>
         <value>0x7591</value>
         <object_component_ref idref="oc-292"/>
      </symbol>
      <symbol id="sm-ad7">
         <name>frexpl</name>
         <value>0x702d</value>
         <object_component_ref idref="oc-39b"/>
      </symbol>
      <symbol id="sm-ad8">
         <name>frexp</name>
         <value>0x702d</value>
         <object_component_ref idref="oc-39b"/>
      </symbol>
      <symbol id="sm-ae2">
         <name>__aeabi_idiv0</name>
         <value>0x59db</value>
         <object_component_ref idref="oc-42c"/>
      </symbol>
      <symbol id="sm-ae3">
         <name>__aeabi_ldiv0</name>
         <value>0x59db</value>
         <object_component_ref idref="oc-42c"/>
      </symbol>
      <symbol id="sm-b12">
         <name>IntRegister</name>
         <value>0x7395</value>
         <object_component_ref idref="oc-184"/>
      </symbol>
      <symbol id="sm-b13">
         <name>g_pfnRAMVectors</name>
         <value>0x20000000</value>
         <object_component_ref idref="oc-2b0"/>
      </symbol>
      <symbol id="sm-b14">
         <name>IntMasterEnable</name>
         <value>0x75a3</value>
         <object_component_ref idref="oc-18a"/>
      </symbol>
      <symbol id="sm-b1e">
         <name>CPUcpsie</name>
         <value>0x75d1</value>
         <object_component_ref idref="oc-2ba"/>
      </symbol>
      <symbol id="sm-b1f">
         <name>__TI_static_base__</name>
         <value>0x0</value>
      </symbol>
      <symbol id="sm-b22">
         <name>__mpu_init</name>
         <value>0x0</value>
      </symbol>
      <symbol id="sm-b23">
         <name>_system_post_cinit</name>
         <value>0x0</value>
      </symbol>
   </symbol_table>
   <title>Link successful</title>
</link_info>
