******************************************************************************
                  TI ARM Linker PC v20.2.7                     
******************************************************************************
>> Linked Sat Dec 13 14:25:14 2025

OUTPUT FILE NAME:   <final_proj_v2.out>
ENTRY POINT SYMBOL: "_c_int00_noargs"  address: 000073c9


MEMORY CONFIGURATION

         name            origin    length      used     unused   attr    fill
----------------------  --------  ---------  --------  --------  ----  --------
  FLASH                 00000000   00040000  000078ff  00038701  R  X
  SRAM                  20000000   00008000  00000f3f  000070c1  RW X


SEGMENT ALLOCATION MAP

run origin  load origin   length   init length attrs members
----------  ----------- ---------- ----------- ----- -------
00000000    00000000    00007908   00007908    r-x
  00000000    00000000    0000026c   0000026c    r-- .intvecs
  0000026c    0000026c    000073a0   000073a0    r-x .text
  00007610    00007610    000002a3   000002a3    r-- .const
  000078b8    000078b8    00000050   00000050    r-- .cinit
20000000    20000000    00000f45   00000000    rw-
  20000000    20000000    0000026c   00000000    rw- .vtable
  20000270    20000270    00000800   00000000    rw- .stack
  20000a70    20000a70    00000400   00000000    rw- .sysmem
  20000e70    20000e70    0000008a   00000000    rw- .bss
  20000efc    20000efc    00000049   00000000    rw- .data


SECTION ALLOCATION MAP

 output                                  attributes/
section   page    origin      length       input sections
--------  ----  ----------  ----------   ----------------
.intvecs   0    00000000    0000026c     
                  00000000    0000026c     tm4c123gh6pm_startup_ccs.obj (.intvecs)

.text      0    0000026c    000073a0     
                  0000026c    00000c20     open_interface.obj (.text)
                  00000e8c    00000bc4     main.obj (.text)
                  00001a50    00000a4e     rtsv7M4_T_le_v4SPD16_eabi.lib : _printfi.c.obj (.text:__TI_printfi)
                  0000249e    00000002                                   : _lock.c.obj (.text:_nop)
                  000024a0    000009d0                                   : e_pow.c.obj (.text:pow)
                  00002e70    000008c4     movement.obj (.text)
                  00003734    00000738     rtsv7M4_T_le_v4SPD16_eabi.lib : k_rem_pio2.c.obj (.text:__kernel_rem_pio2)
                  00003e6c    000005e0                                   : s_sin.c.obj (.text:sin)
                  0000444c    000005dc                                   : s_cos.c.obj (.text:cos)
                  00004a28    00000328     lcd.obj (.text)
                  00004d50    00000270     rtsv7M4_T_le_v4SPD16_eabi.lib : _printfi.c.obj (.text:_pconv_a)
                  00004fc0    00000260     libcybotScan.lib : cyBot_Scan.obj (.text)
                  00005220    00000248     Timer.obj (.text)
                  00005468    000001ec     libcybotScan.lib : ping.obj (.text)
                  00005654    000001d0     rtsv7M4_T_le_v4SPD16_eabi.lib : _printfi.c.obj (.text:_pconv_g)
                  00005824    000001b6                                   : fd_add_t2.asm.obj (.text)
                  000059da    00000002                                   : div0.asm.obj (.text)
                  000059dc    0000019c     cyBot_ufart.obj (.text)
                  00005b78    00000174     rtsv7M4_T_le_v4SPD16_eabi.lib : k_sin.c.obj (.text:__kernel_sin)
                  00005cec    00000170                                   : k_cos.c.obj (.text:__kernel_cos)
                  00005e5c    00000158     libcybotScan.lib : servo.obj (.text)
                  00005fb4    00000158     rtsv7M4_T_le_v4SPD16_eabi.lib : e_sqrt.c.obj (.text:sqrt)
                  0000610c    0000013c                                   : _printfi.c.obj (.text:_pconv_e)
                  00006248    00000136                                   : fd_div_t2.asm.obj (.text)
                  0000637e    00000002     --HOLE-- [fill = 0]
                  00006380    00000124                                   : _printfi.c.obj (.text:fcvt)
                  000064a4    00000118     libcybotScan.lib : ir.obj (.text)
                  000065bc    00000110     rtsv7M4_T_le_v4SPD16_eabi.lib : s_scalbn.c.obj (.text:scalbn)
                  000066cc    00000100                                   : memory.c.obj (.text:aligned_alloc)
                  000067cc    000000fc                                   : fd_mul_t2.asm.obj (.text)
                  000068c8    000000f8                                   : s_floor.c.obj (.text:floor)
                  000069c0    000000e4                                   : memory.c.obj (.text:free)
                  00006aa4    000000b1                                   : _printfi.c.obj (.text:_ltostr)
                  00006b55    00000001     --HOLE-- [fill = 0]
                  00006b56    0000009c                                   : memcpy_t2.asm.obj (.text)
                  00006bf2    00000096                                   : ull_div_t2.asm.obj (.text)
                  00006c88    00000086                                   : fd_cmp_t2.asm.obj (.text:__aeabi_cdcmple)
                  00006d0e    00000086                                   : fd_cmp_t2.asm.obj (.text:__aeabi_cdrcmple)
                  00006d94    0000007a                                   : memset_t2.asm.obj (.text)
                  00006e0e    00000002     --HOLE-- [fill = 0]
                  00006e10    00000070                                   : memory.c.obj (.text:split)
                  00006e80    0000006e                                   : _printfi.c.obj (.text:_mcpy)
                  00006eee    0000006e                                   : fd_tos_t2.asm.obj (.text)
                  00006f5c    00000068     IR_convert.obj (.text)
                  00006fc4    00000068     rtsv7M4_T_le_v4SPD16_eabi.lib : copy_decompress_lzss.c.obj (.text:decompress:lzss:__TI_decompress_lzss)
                  0000702c    00000064                                   : s_frexp.c.obj (.text:frexp)
                  00007090    00000056                                   : _printfi.c.obj (.text:_pconv_f)
                  000070e6    00000054                                   : _ltoa.c.obj (.text:__TI_ltoa)
                  0000713a    00000052                                   : _printfi.c.obj (.text:_ecpy)
                  0000718c    0000004c                                   : atoi.c.obj (.text:atoi)
                  000071d8    00000048                                   : fd_toi_t2.asm.obj (.text)
                  00007220    00000044                                   : autoinit.c.obj (.text:__TI_auto_init_nobinit_nopinit:__TI_auto_init_nobinit_nopinit)
                  00007264    00000040                                   : sprintf.c.obj (.text:sprintf)
                  000072a4    00000040                                   : vsnprintf.c.obj (.text:vsnprintf)
                  000072e4    0000003e                                   : _printfi.c.obj (.text:_fcpy)
                  00007322    00000002     --HOLE-- [fill = 0]
                  00007324    00000038                                   : memory.c.obj (.text:calloc)
                  0000735c    00000038                                   : fs_tod_t2.asm.obj (.text)
                  00007394    00000034     driverlib.lib : interrupt.obj (.text:IntRegister)
                  000073c8    00000034     rtsv7M4_T_le_v4SPD16_eabi.lib : boot_cortex_m.c.obj (.text:_c_int00_noargs:_c_int00_noargs)
                  000073fc    00000030                                   : vsnprintf.c.obj (.text:_outs)
                  0000742c    0000002e                                   : i_tofd_t2.asm.obj (.text)
                  0000745a    00000002     --HOLE-- [fill = 0]
                  0000745c    00000028                                   : memory.c.obj (.text:free_list_insert)
                  00007484    0000001c                                   : copy_zero_init.c.obj (.text:decompress:ZI:__TI_zero_init_nomemset:__TI_zero_init_nomemset)
                  000074a0    0000001c                                   : memory.c.obj (.text:free_list_remove)
                  000074bc    0000001c                                   : memccpy.c.obj (.text:memccpy)
                  000074d8    0000001a                                   : s_copysign.c.obj (.text:copysign)
                  000074f2    00000018                                   : vsnprintf.c.obj (.text:_outc)
                  0000750a    00000018                                   : sprintf.c.obj (.text:_outs)
                  00007522    00000018     open_interface.obj (.text:oi_parseInt)
                  0000753a    00000018     rtsv7M4_T_le_v4SPD16_eabi.lib : strcmp.c.obj (.text:strcmp)
                  00007552    00000016                                   : strchr.c.obj (.text:strchr)
                  00007568    00000014                                   : strcpy.c.obj (.text:strcpy)
                  0000757c    00000014                                   : strlen.c.obj (.text:strlen)
                  00007590    00000012                                   : wcslen.c.obj (.text:wcslen)
                  000075a2    00000010     driverlib.lib : interrupt.obj (.text:IntMasterEnable)
                  000075b2    00000010     lcd.obj (.text:lcd_clear)
                  000075c2    0000000e     rtsv7M4_T_le_v4SPD16_eabi.lib : copy_decompress_none.c.obj (.text:decompress:none:__TI_decompress_none)
                  000075d0    0000000c     driverlib.lib : cpu.obj (.text:CPUcpsie)
                  000075dc    0000000c     tm4c123gh6pm_startup_ccs.obj (.text)
                  000075e8    0000000a     rtsv7M4_T_le_v4SPD16_eabi.lib : sprintf.c.obj (.text:_outc)
                  000075f2    00000002     --HOLE-- [fill = 0]
                  000075f4    00000008                                   : errno.c.obj (.text:__aeabi_errno_addr)
                  000075fc    00000008                                   : memory.c.obj (.text:malloc)
                  00007604    00000004                                   : pre_init.c.obj (.text:_system_pre_init)
                  00007608    00000004                                   : exit.c.obj (.text:abort:abort)

.const     0    00007610    000002a3     
                  00007610    00000158     rtsv7M4_T_le_v4SPD16_eabi.lib : k_rem_pio2.c.obj (.const:$O1$$)
                  00007768    00000101                                   : ctype.c.obj (.const:.string:_ctypes_)
                  00007869    00000004     lcd.obj (.const:.string:lineAddress$1)
                  0000786d    00000003     --HOLE-- [fill = 0]
                  00007870    00000030     rtsv7M4_T_le_v4SPD16_eabi.lib : e_pow.c.obj (.const:$O1$$)
                  000078a0    0000000f     open_interface.obj (.const:.string:$P$T0$3)
                  000078af    00000004     lcd.obj (.const:.string:lineAddresses$2)

.cinit     0    000078b8    00000050     
                  000078b8    0000001a     (.cinit..data.load) [load image, compression = lzss]
                  000078d2    00000002     --HOLE-- [fill = 0]
                  000078d4    0000000c     (__TI_handler_table)
                  000078e0    00000008     (.cinit..bss.load) [load image, compression = zero_init]
                  000078e8    00000008     (.cinit..vtable.load) [load image, compression = zero_init]
                  000078f0    00000018     (__TI_cinit_table)

.init_array 
*          0    00000000    00000000     UNINITIALIZED

.vtable    0    20000000    0000026c     UNINITIALIZED
                  20000000    0000026c     driverlib.lib : interrupt.obj (.vtable)

.stack     0    20000270    00000800     UNINITIALIZED
                  20000270    00000004     rtsv7M4_T_le_v4SPD16_eabi.lib : boot_cortex_m.c.obj (.stack)
                  20000274    000007fc     --HOLE--

.sysmem    0    20000a70    00000400     UNINITIALIZED
                  20000a70    00000010     rtsv7M4_T_le_v4SPD16_eabi.lib : memory.c.obj (.sysmem)
                  20000a80    000003f0     --HOLE--

.bss       0    20000e70    0000008a     UNINITIALIZED
                  20000e70    00000054     lcd.obj (.bss:lastbuffer$3)
                  20000ec4    00000018     open_interface.obj (.bss:firmware$2)
                  20000edc    00000004     (.common:_timeout_ticks)
                  20000ee0    00000004     (.common:fallingEdge)
                  20000ee4    00000004     (.common:isr_int_value)
                  20000ee8    00000004     (.common:left_calibration_value)
                  20000eec    00000004     (.common:pulseLength)
                  20000ef0    00000004     (.common:right_calibration_value)
                  20000ef4    00000004     (.common:risingEdge)
                  20000ef8    00000001     (.common:isRisingEdge)
                  20000ef9    00000001     (.common:uart_data)

.data      0    20000efc    00000049     UNINITIALIZED
                  20000efc    00000020     open_interface.obj (.data)
                  20000f1c    0000000c     coords.obj (.data:coords)
                  20000f28    00000008     rtsv7M4_T_le_v4SPD16_eabi.lib : _lock.c.obj (.data:$O1$$)
                  20000f30    00000008                                   : memory.c.obj (.data:$O1$$)
                  20000f38    00000004     libcybotScan.lib : cyBot_Scan.obj (.data)
                  20000f3c    00000004     movement.obj (.data)
                  20000f40    00000004     rtsv7M4_T_le_v4SPD16_eabi.lib : errno.c.obj (.data)
                  20000f44    00000001     Timer.obj (.data)

__llvm_prf_cnts 
*          0    20000000    00000000     UNINITIALIZED

MODULE SUMMARY

       Module                         code    ro data   rw data
       ------                         ----    -------   -------
    .\
       open_interface.obj             3128    15        56     
       main.obj                       3012    0         0      
       movement.obj                   2244    0         4      
       lcd.obj                        824     8         84     
       tm4c123gh6pm_startup_ccs.obj   12      620       0      
       Timer.obj                      584     0         5      
       cyBot_ufart.obj                412     0         1      
       IR_convert.obj                 104     0         0      
       coords.obj                     0       0         12     
       cyBot_calibrate.obj            0       0         8      
    +--+------------------------------+-------+---------+---------+
       Total:                         10320   643       170    
                                                               
    ../libcybotScan.lib
       cyBot_Scan.obj                 608     0         4      
       ping.obj                       492     0         13     
       servo.obj                      344     0         0      
       ir.obj                         280     0         4      
    +--+------------------------------+-------+---------+---------+
       Total:                         1724    0         21     
                                                               
    C:/ti/TivaWare_C_Series-2.2.0.295/driverlib/ccs/Debug/driverlib.lib
       interrupt.obj                  68      0         620    
       cpu.obj                        12      0         0      
    +--+------------------------------+-------+---------+---------+
       Total:                         80      0         620    
                                                               
    C:\ti\ccs1271\ccs\tools\compiler\ti-cgt-arm_20.2.7.LTS\lib\rtsv7M4_T_le_v4SPD16_eabi.lib
       _printfi.c.obj                 4851    0         0      
       e_pow.c.obj                    2512    48        0      
       k_rem_pio2.c.obj               1848    344       0      
       s_sin.c.obj                    1504    0         0      
       s_cos.c.obj                    1500    0         0      
       memory.c.obj                   728     0         8      
       fd_add_t2.asm.obj              438     0         0      
       k_sin.c.obj                    372     0         0      
       k_cos.c.obj                    368     0         0      
       e_sqrt.c.obj                   344     0         0      
       fd_div_t2.asm.obj              310     0         0      
       s_scalbn.c.obj                 272     0         0      
       fd_cmp_t2.asm.obj              268     0         0      
       ctype.c.obj                    0       257       0      
       fd_mul_t2.asm.obj              252     0         0      
       s_floor.c.obj                  248     0         0      
       memcpy_t2.asm.obj              156     0         0      
       ull_div_t2.asm.obj             150     0         0      
       vsnprintf.c.obj                136     0         0      
       memset_t2.asm.obj              122     0         0      
       fd_tos_t2.asm.obj              110     0         0      
       copy_decompress_lzss.c.obj     104     0         0      
       s_frexp.c.obj                  100     0         0      
       sprintf.c.obj                  98      0         0      
       _ltoa.c.obj                    84      0         0      
       atoi.c.obj                     76      0         0      
       fd_toi_t2.asm.obj              72      0         0      
       autoinit.c.obj                 68      0         0      
       fs_tod_t2.asm.obj              56      0         0      
       boot_cortex_m.c.obj            52      0         0      
       i_tofd_t2.asm.obj              46      0         0      
       copy_zero_init.c.obj           28      0         0      
       memccpy.c.obj                  28      0         0      
       s_copysign.c.obj               26      0         0      
       strcmp.c.obj                   24      0         0      
       strchr.c.obj                   22      0         0      
       strcpy.c.obj                   20      0         0      
       strlen.c.obj                   20      0         0      
       wcslen.c.obj                   18      0         0      
       copy_decompress_none.c.obj     14      0         0      
       errno.c.obj                    8       0         4      
       _lock.c.obj                    2       0         8      
       exit.c.obj                     4       0         0      
       pre_init.c.obj                 4       0         0      
       div0.asm.obj                   2       0         0      
    +--+------------------------------+-------+---------+---------+
       Total:                         17465   649       20     
                                                               
       Heap:                          0       0         1024   
       Stack:                         0       0         2048   
       Linker Generated:              0       78        0      
    +--+------------------------------+-------+---------+---------+
       Grand Total:                   29589   1370      3903   


LINKER GENERATED COPY TABLES

__TI_cinit_table @ 000078f0 records: 3, size/record: 8, table size: 24
	.data: load addr=000078b8, load size=0000001a bytes, run addr=20000efc, run size=00000049 bytes, compression=lzss
	.bss: load addr=000078e0, load size=00000008 bytes, run addr=20000e70, run size=0000008a bytes, compression=zero_init
	.vtable: load addr=000078e8, load size=00000008 bytes, run addr=20000000, run size=0000026c bytes, compression=zero_init


LINKER GENERATED HANDLER TABLE

__TI_handler_table @ 000078d4 records: 3, size/record: 4, table size: 12
	index: 0, handler: __TI_zero_init
	index: 1, handler: __TI_decompress_lzss
	index: 2, handler: __TI_decompress_none


GLOBAL SYMBOLS: SORTED ALPHABETICALLY BY Name 

address   name                          
-------   ----                          
0000653d  ADC0SS0_Handler               
00007609  C$$EXIT                       
000075d1  CPUcpsie                      
00000bc3  GPIOF_Handler                 
00006f5d  IR_convert                    
000075a3  IntMasterEnable               
00007395  IntRegister                   
000075dd  ResetISR                      
00005559  TIMER3B_Handler               
20000a70  __STACK_END                   
00000800  __STACK_SIZE                  
20000470  __STACK_TOP                   
00000400  __SYSMEM_SIZE                 
000078f0  __TI_CINIT_Base               
00007908  __TI_CINIT_Limit              
000078d4  __TI_Handler_Table_Base       
000078e0  __TI_Handler_Table_Limit      
00007221  __TI_auto_init_nobinit_nopinit
00006fc5  __TI_decompress_lzss          
000075c3  __TI_decompress_none          
000070e7  __TI_ltoa                     
ffffffff  __TI_pprof_out_hndl           
00001a51  __TI_printfi                  
ffffffff  __TI_prof_data_size           
ffffffff  __TI_prof_data_start          
00000000  __TI_static_base__            
00007485  __TI_zero_init_nomemset       
00006c89  __aeabi_cdcmpeq               
00006c89  __aeabi_cdcmple               
00006d0f  __aeabi_cdrcmple              
00006eef  __aeabi_d2f                   
000071d9  __aeabi_d2iz                  
0000582f  __aeabi_dadd                  
00006249  __aeabi_ddiv                  
000067cd  __aeabi_dmul                  
00005825  __aeabi_dsub                  
000075f5  __aeabi_errno_addr            
0000735d  __aeabi_f2d                   
0000742d  __aeabi_i2d                   
000059db  __aeabi_idiv0                 
000059db  __aeabi_ldiv0                 
00006d95  __aeabi_memclr                
00006d95  __aeabi_memclr4               
00006d95  __aeabi_memclr8               
00006b57  __aeabi_memcpy                
00006b57  __aeabi_memcpy4               
00006b57  __aeabi_memcpy8               
00006d97  __aeabi_memset                
00006d97  __aeabi_memset4               
00006d97  __aeabi_memset8               
00006bf3  __aeabi_uldivmod              
ffffffff  __binit__                     
ffffffff  __c_args__                    
00005ced  __kernel_cos                  
00003735  __kernel_rem_pio2             
00005b79  __kernel_sin                  
UNDEFED   __mpu_init                    
20000270  __stack                       
20000000  __start___llvm_prf_cnts       
20000000  __stop___llvm_prf_cnts        
000073c9  _c_int00_noargs               
00007768  _ctypes_                      
20000f28  _lock                         
0000249f  _nop                          
20000f44  _running                      
20000a70  _sys_memory                   
UNDEFED   _system_post_cinit            
00007605  _system_pre_init              
20000edc  _timeout_ticks                
20000f2c  _unlock                       
00007609  abort                         
000066cd  aligned_alloc                 
0000718d  atoi                          
ffffffff  binit                         
00001815  bump_detect                   
00007325  calloc                        
00003609  cliff_data_processor          
0000175d  cliff_detect                  
00003645  cliff_front_sensors           
20000f1c  coords                        
000074d9  copysign                      
000074d9  copysignl                     
0000444d  cos                           
0000444d  cosl                          
00005099  cyBOT_SERVO_cal               
00005027  cyBOT_Scan                    
00004fcf  cyBOT_init_Scan               
20000f38  cyBOT_scan_features           
00004fc1  cyBOT_scan_version            
00000f7d  cyBot_ScanArc                 
000036cf  display_cliff_values          
20000f40  errno                         
20000ee0  fallingEdge                   
20000f3c  flag                          
000068c9  floor                         
000068c9  floorl                        
000069c1  free                          
0000702d  frexp                         
0000702d  frexpl                        
20000000  g_pfnRAMVectors               
00000000  g_pfnVectors                  
0000097f  go_charge                     
00006553  ir_enableInterrupt            
00006535  ir_getDistance                
0000650d  ir_getValue                   
000064a5  ir_init                       
20000ef8  isRisingEdge                  
20000ee4  isr_int_value                 
000075b3  lcd_clear                     
00004bfd  lcd_gotoLine                  
00004a65  lcd_init                      
00004c63  lcd_printf                    
00004b25  lcd_putc                      
00004b5d  lcd_puts                      
00004a29  lcd_reverseNibble             
00004b7b  lcd_sendCommand               
00004bb9  lcd_sendNibble                
00004c25  lcd_setCursorPos              
000065bd  ldexp                         
000065bd  ldexpl                        
20000ee8  left_calibration_value        
000018ad  main                          
000075fd  malloc                        
000066cd  memalign                      
000074bd  memccpy                       
00006b57  memcpy                        
00006d9d  memset                        
20000efc  motor_cal_factor_L            
20000f00  motor_cal_factor_R            
00003175  move_backward                 
00002e71  move_forward                  
0000026d  oi_alloc                      
00000aa9  oi_checkFirmware              
000002c7  oi_close                      
00000279  oi_free                       
00000ded  oi_getMotorCalibrationLeft    
00000e01  oi_getMotorCalibrationRight   
000002b1  oi_init                       
00000289  oi_init_noupdate              
00000915  oi_loadSong                   
00007523  oi_parseInt                   
0000032b  oi_parsePacket                
0000096b  oi_play_song                  
0000084b  oi_setLeds                    
00000db1  oi_setMotorCalibration        
0000088f  oi_setWheels                  
00000b51  oi_shutoff_init               
0000098d  oi_uartInit                   
00000a31  oi_uartReceive                
00000a77  oi_uartSendBuff               
00000a15  oi_uartSendChar               
00000a59  oi_uartSendStr                
000002d9  oi_update                     
000055ab  ping_getDistance              
00005469  ping_init                     
000054ef  ping_trigger                  
000024a1  pow                           
000024a1  powl                          
00000e8d  print_coords                  
20000eec  pulseLength                   
00005a89  putty_printf                  
20000ef0  right_calibration_value       
20000ef4  risingEdge                    
000065bd  scalbn                        
000065bd  scalbnl                       
00005e5d  servo_init                    
00005eed  servo_move                    
00005f4d  servo_setPWM                  
00005ee1  servo_stop                    
00003e6d  sin                           
00003e6d  sinl                          
00007265  sprintf                       
00005fb5  sqrt                          
00005fb5  sqrtl                         
00007553  strchr                        
0000753b  strcmp                        
00007569  strcpy                        
0000757d  strlen                        
0000533f  timer_getMicros               
000052e7  timer_getMillis               
00005221  timer_init                    
000052c3  timer_pause                   
000052d5  timer_resume                  
00005299  timer_stop                    
00005399  timer_waitMicros              
000053cb  timer_waitMillis              
0000339f  turn_cc                       
00003521  turn_cw                       
20000ef9  uart_data                     
00005aff  uart_interrupt_handler        
00005ab1  uart_interrupt_init           
00005a79  ufart_getbyte                 
000059dd  ufart_init                    
00005a5d  ufart_sendbyte                
000072a5  vsnprintf                     
00007591  wcslen                        


GLOBAL SYMBOLS: SORTED BY Symbol Address 

address   name                          
-------   ----                          
00000000  __TI_static_base__            
00000000  g_pfnVectors                  
0000026d  oi_alloc                      
00000279  oi_free                       
00000289  oi_init_noupdate              
000002b1  oi_init                       
000002c7  oi_close                      
000002d9  oi_update                     
0000032b  oi_parsePacket                
00000400  __SYSMEM_SIZE                 
00000800  __STACK_SIZE                  
0000084b  oi_setLeds                    
0000088f  oi_setWheels                  
00000915  oi_loadSong                   
0000096b  oi_play_song                  
0000097f  go_charge                     
0000098d  oi_uartInit                   
00000a15  oi_uartSendChar               
00000a31  oi_uartReceive                
00000a59  oi_uartSendStr                
00000a77  oi_uartSendBuff               
00000aa9  oi_checkFirmware              
00000b51  oi_shutoff_init               
00000bc3  GPIOF_Handler                 
00000db1  oi_setMotorCalibration        
00000ded  oi_getMotorCalibrationLeft    
00000e01  oi_getMotorCalibrationRight   
00000e8d  print_coords                  
00000f7d  cyBot_ScanArc                 
0000175d  cliff_detect                  
00001815  bump_detect                   
000018ad  main                          
00001a51  __TI_printfi                  
0000249f  _nop                          
000024a1  pow                           
000024a1  powl                          
00002e71  move_forward                  
00003175  move_backward                 
0000339f  turn_cc                       
00003521  turn_cw                       
00003609  cliff_data_processor          
00003645  cliff_front_sensors           
000036cf  display_cliff_values          
00003735  __kernel_rem_pio2             
00003e6d  sin                           
00003e6d  sinl                          
0000444d  cos                           
0000444d  cosl                          
00004a29  lcd_reverseNibble             
00004a65  lcd_init                      
00004b25  lcd_putc                      
00004b5d  lcd_puts                      
00004b7b  lcd_sendCommand               
00004bb9  lcd_sendNibble                
00004bfd  lcd_gotoLine                  
00004c25  lcd_setCursorPos              
00004c63  lcd_printf                    
00004fc1  cyBOT_scan_version            
00004fcf  cyBOT_init_Scan               
00005027  cyBOT_Scan                    
00005099  cyBOT_SERVO_cal               
00005221  timer_init                    
00005299  timer_stop                    
000052c3  timer_pause                   
000052d5  timer_resume                  
000052e7  timer_getMillis               
0000533f  timer_getMicros               
00005399  timer_waitMicros              
000053cb  timer_waitMillis              
00005469  ping_init                     
000054ef  ping_trigger                  
00005559  TIMER3B_Handler               
000055ab  ping_getDistance              
00005825  __aeabi_dsub                  
0000582f  __aeabi_dadd                  
000059db  __aeabi_idiv0                 
000059db  __aeabi_ldiv0                 
000059dd  ufart_init                    
00005a5d  ufart_sendbyte                
00005a79  ufart_getbyte                 
00005a89  putty_printf                  
00005ab1  uart_interrupt_init           
00005aff  uart_interrupt_handler        
00005b79  __kernel_sin                  
00005ced  __kernel_cos                  
00005e5d  servo_init                    
00005ee1  servo_stop                    
00005eed  servo_move                    
00005f4d  servo_setPWM                  
00005fb5  sqrt                          
00005fb5  sqrtl                         
00006249  __aeabi_ddiv                  
000064a5  ir_init                       
0000650d  ir_getValue                   
00006535  ir_getDistance                
0000653d  ADC0SS0_Handler               
00006553  ir_enableInterrupt            
000065bd  ldexp                         
000065bd  ldexpl                        
000065bd  scalbn                        
000065bd  scalbnl                       
000066cd  aligned_alloc                 
000066cd  memalign                      
000067cd  __aeabi_dmul                  
000068c9  floor                         
000068c9  floorl                        
000069c1  free                          
00006b57  __aeabi_memcpy                
00006b57  __aeabi_memcpy4               
00006b57  __aeabi_memcpy8               
00006b57  memcpy                        
00006bf3  __aeabi_uldivmod              
00006c89  __aeabi_cdcmpeq               
00006c89  __aeabi_cdcmple               
00006d0f  __aeabi_cdrcmple              
00006d95  __aeabi_memclr                
00006d95  __aeabi_memclr4               
00006d95  __aeabi_memclr8               
00006d97  __aeabi_memset                
00006d97  __aeabi_memset4               
00006d97  __aeabi_memset8               
00006d9d  memset                        
00006eef  __aeabi_d2f                   
00006f5d  IR_convert                    
00006fc5  __TI_decompress_lzss          
0000702d  frexp                         
0000702d  frexpl                        
000070e7  __TI_ltoa                     
0000718d  atoi                          
000071d9  __aeabi_d2iz                  
00007221  __TI_auto_init_nobinit_nopinit
00007265  sprintf                       
000072a5  vsnprintf                     
00007325  calloc                        
0000735d  __aeabi_f2d                   
00007395  IntRegister                   
000073c9  _c_int00_noargs               
0000742d  __aeabi_i2d                   
00007485  __TI_zero_init_nomemset       
000074bd  memccpy                       
000074d9  copysign                      
000074d9  copysignl                     
00007523  oi_parseInt                   
0000753b  strcmp                        
00007553  strchr                        
00007569  strcpy                        
0000757d  strlen                        
00007591  wcslen                        
000075a3  IntMasterEnable               
000075b3  lcd_clear                     
000075c3  __TI_decompress_none          
000075d1  CPUcpsie                      
000075dd  ResetISR                      
000075f5  __aeabi_errno_addr            
000075fd  malloc                        
00007605  _system_pre_init              
00007609  C$$EXIT                       
00007609  abort                         
00007768  _ctypes_                      
000078d4  __TI_Handler_Table_Base       
000078e0  __TI_Handler_Table_Limit      
000078f0  __TI_CINIT_Base               
00007908  __TI_CINIT_Limit              
20000000  __start___llvm_prf_cnts       
20000000  __stop___llvm_prf_cnts        
20000000  g_pfnRAMVectors               
20000270  __stack                       
20000470  __STACK_TOP                   
20000a70  __STACK_END                   
20000a70  _sys_memory                   
20000edc  _timeout_ticks                
20000ee0  fallingEdge                   
20000ee4  isr_int_value                 
20000ee8  left_calibration_value        
20000eec  pulseLength                   
20000ef0  right_calibration_value       
20000ef4  risingEdge                    
20000ef8  isRisingEdge                  
20000ef9  uart_data                     
20000efc  motor_cal_factor_L            
20000f00  motor_cal_factor_R            
20000f1c  coords                        
20000f28  _lock                         
20000f2c  _unlock                       
20000f38  cyBOT_scan_features           
20000f3c  flag                          
20000f40  errno                         
20000f44  _running                      
ffffffff  __TI_pprof_out_hndl           
ffffffff  __TI_prof_data_size           
ffffffff  __TI_prof_data_start          
ffffffff  __binit__                     
ffffffff  __c_args__                    
ffffffff  binit                         
UNDEFED   __mpu_init                    
UNDEFED   _system_post_cinit            

[196 symbols]
